Component: ARM Compiler 5.06 update 4 (build 422) Tool: armlink [4d35d2]

==============================================================================

Section Cross References

    main.o(i.App_Init) refers to main.o(i.Initialize_CAN) for Initialize_CAN
    main.o(i.App_Init) refers to main.o(i.SysTick_init) for SysTick_init
    main.o(i.App_Init) refers to usart.o(i.Initialize_USART) for Initialize_USART
    main.o(i.App_Init) refers to printf8.o(i.__0printf$8) for __2printf
    main.o(i.App_Init) refers to stm32f2xx_can.o(i.CAN_Transmit) for CAN_Transmit
    main.o(i.App_Init) refers to stdout.o(.data) for __stdout
    main.o(i.App_Init) refers to stdin.o(.data) for __stdin
    main.o(i.App_Init) refers to main.o(.data) for _Words32Received
    main.o(i.CanHexMessage) refers to stm32f2xx_can.o(i.CAN_Transmit) for CAN_Transmit
    main.o(i.CanHexMessage) refers to main.o(.data) for tx
    main.o(i.CanHexProg) refers to main.o(i.HexChecksumError) for HexChecksumError
    main.o(i.CanHexProg) refers to main.o(i.str2hex) for str2hex
    main.o(i.CanHexProg) refers to main.o(i.ParseCAN) for ParseCAN
    main.o(i.CanHexProg) refers to stm32f2xx_can.o(i.CAN_Transmit) for CAN_Transmit
    main.o(i.CanHexProg) refers to main.o(.data) for tx
    main.o(i.CanHexProg) refers to main.o(.bss) for _Iap_string
    main.o(i.CanHexString) refers to main.o(i.ParseCAN) for ParseCAN
    main.o(i.CanHexString) refers to stm32f2xx_can.o(i.CAN_Transmit) for CAN_Transmit
    main.o(i.CanHexString) refers to main.o(.bss) for _Iap_string
    main.o(i.CanHexString) refers to main.o(.data) for tx
    main.o(i.FileHexProg) refers to ff.o(i.f_mount) for f_mount
    main.o(i.FileHexProg) refers to ff.o(i.f_open) for f_open
    main.o(i.FileHexProg) refers to main.o(i.Watchdog) for Watchdog
    main.o(i.FileHexProg) refers to main.o(i.FlashErase) for FlashErase
    main.o(i.FileHexProg) refers to ff.o(i.f_gets) for f_gets
    main.o(i.FileHexProg) refers to strncpy.o(.text) for strncpy
    main.o(i.FileHexProg) refers to main.o(i.CanHexProg) for CanHexProg
    main.o(i.FileHexProg) refers to main.o(i.crcSIGN) for crcSIGN
    main.o(i.FileHexProg) refers to ff.o(i.f_close) for f_close
    main.o(i.FileHexProg) refers to main.o(.bss) for _Iap_string
    main.o(i.FlashErase) refers to stm32f2xx_flash.o(i.FLASH_Unlock) for FLASH_Unlock
    main.o(i.FlashErase) refers to stm32f2xx_flash.o(i.FLASH_ClearFlag) for FLASH_ClearFlag
    main.o(i.FlashErase) refers to stm32f2xx_flash.o(i.FLASH_EraseSector) for FLASH_EraseSector
    main.o(i.FlashProgram32) refers to memcmp.o(.text) for memcmp
    main.o(i.FlashProgram32) refers to stm32f2xx_flash.o(i.FLASH_Unlock) for FLASH_Unlock
    main.o(i.FlashProgram32) refers to stm32f2xx_flash.o(i.FLASH_ClearFlag) for FLASH_ClearFlag
    main.o(i.FlashProgram32) refers to stm32f2xx_flash.o(i.FLASH_ProgramWord) for FLASH_ProgramWord
    main.o(i.HexChecksumError) refers to main.o(i.str2hex) for str2hex
    main.o(i.Initialize_CAN) refers to stm32f2xx_gpio.o(i.GPIO_StructInit) for GPIO_StructInit
    main.o(i.Initialize_CAN) refers to stm32f2xx_gpio.o(i.GPIO_Init) for GPIO_Init
    main.o(i.Initialize_CAN) refers to stm32f2xx_gpio.o(i.GPIO_PinAFConfig) for GPIO_PinAFConfig
    main.o(i.Initialize_CAN) refers to stm32f2xx_rcc.o(i.RCC_APB1PeriphClockCmd) for RCC_APB1PeriphClockCmd
    main.o(i.Initialize_CAN) refers to stm32f2xx_can.o(i.CAN_StructInit) for CAN_StructInit
    main.o(i.Initialize_CAN) refers to stm32f2xx_can.o(i.CAN_DeInit) for CAN_DeInit
    main.o(i.Initialize_CAN) refers to stm32f2xx_can.o(i.CAN_Init) for CAN_Init
    main.o(i.Initialize_CAN) refers to stm32f2xx_can.o(i.CAN_FilterInit) for CAN_FilterInit
    main.o(i.ParseCAN) refers to memcpya.o(.text) for __aeabi_memcpy4
    main.o(i.ParseCAN) refers to stm32f2xx_can.o(i.CAN_MessagePending) for CAN_MessagePending
    main.o(i.ParseCAN) refers to stm32f2xx_can.o(i.CAN_Receive) for CAN_Receive
    main.o(i.ParseCAN) refers to stm32f2xx_gpio.o(i.GPIO_ToggleBits) for GPIO_ToggleBits
    main.o(i.ParseCAN) refers to main.o(i.__NVIC_SystemReset) for __NVIC_SystemReset
    main.o(i.ParseCAN) refers to main.o(i.crcSIGN) for crcSIGN
    main.o(i.ParseCAN) refers to main.o(i.SendAck) for SendAck
    main.o(i.ParseCAN) refers to main.o(i.FlashProgram32) for FlashProgram32
    main.o(i.ParseCAN) refers to main.o(i.Watchdog) for Watchdog
    main.o(i.ParseCAN) refers to main.o(i.FlashErase) for FlashErase
    main.o(i.ParseCAN) refers to main.o(i.CanHexProg) for CanHexProg
    main.o(i.ParseCAN) refers to printf8.o(i.__0printf$8) for __2printf
    main.o(i.ParseCAN) refers to main.o(.data) for addr
    main.o(i.ParseCAN) refers to main.o(.bss) for _Iap_string
    main.o(i.SendAck) refers to stm32f2xx_gpio.o(i.GPIO_ToggleBits) for GPIO_ToggleBits
    main.o(i.SendAck) refers to stm32f2xx_can.o(i.CAN_Transmit) for CAN_Transmit
    main.o(i.SendAck) refers to main.o(.data) for _timeout
    main.o(i.SysTick_Handler) refers to main.o(.data) for __time__
[...]
    Removing stm32f2xx_can.o(i.CAN_WakeUp), (48 bytes).
    Removing stm32f2xx_can.o(i.CheckITStatus), (18 bytes).
    Removing stm32f2xx_crc.o(.rev16_text), (4 bytes).
    Removing stm32f2xx_crc.o(.revsh_text), (4 bytes).
    Removing stm32f2xx_crc.o(.rrx_text), (6 bytes).
    Removing stm32f2xx_crc.o(i.CRC_CalcCRC), (16 bytes).
    Removing stm32f2xx_crc.o(i.CRC_GetCRC), (12 bytes).
    Removing stm32f2xx_crc.o(i.CRC_GetIDRegister), (12 bytes).
    Removing stm32f2xx_crc.o(i.CRC_SetIDRegister), (12 bytes).
    Removing stm32f2xx_gpio.o(.rev16_text), (4 bytes).
    Removing stm32f2xx_gpio.o(.revsh_text), (4 bytes).
    Removing stm32f2xx_gpio.o(.rrx_text), (6 bytes).
    Removing stm32f2xx_gpio.o(i.GPIO_DeInit), (256 bytes).
    Removing stm32f2xx_gpio.o(i.GPIO_PinLockConfig), (34 bytes).
    Removing stm32f2xx_gpio.o(i.GPIO_ReadInputData), (8 bytes).
    Removing stm32f2xx_gpio.o(i.GPIO_ReadInputDataBit), (18 bytes).
    Removing stm32f2xx_gpio.o(i.GPIO_ReadOutputData), (8 bytes).
    Removing stm32f2xx_gpio.o(i.GPIO_ReadOutputDataBit), (18 bytes).
    Removing stm32f2xx_gpio.o(i.GPIO_ResetBits), (4 bytes).
    Removing stm32f2xx_gpio.o(i.GPIO_Write), (4 bytes).
    Removing stm32f2xx_gpio.o(i.GPIO_WriteBit), (10 bytes).
    Removing stm32f2xx_iwdg.o(.rev16_text), (4 bytes).
    Removing stm32f2xx_iwdg.o(.revsh_text), (4 bytes).
    Removing stm32f2xx_iwdg.o(.rrx_text), (6 bytes).
    Removing stm32f2xx_rcc.o(.rev16_text), (4 bytes).
    Removing stm32f2xx_rcc.o(.revsh_text), (4 bytes).
    Removing stm32f2xx_rcc.o(.rrx_text), (6 bytes).
    Removing stm32f2xx_rcc.o(i.RCC_AHB1PeriphClockLPModeCmd), (32 bytes).
    Removing stm32f2xx_rcc.o(i.RCC_AHB1PeriphResetCmd), (32 bytes).
    Removing stm32f2xx_rcc.o(i.RCC_AHB2PeriphClockCmd), (32 bytes).
    Removing stm32f2xx_rcc.o(i.RCC_AHB2PeriphClockLPModeCmd), (32 bytes).
    Removing stm32f2xx_rcc.o(i.RCC_AHB2PeriphResetCmd), (32 bytes).
    Removing stm32f2xx_rcc.o(i.RCC_AHB3PeriphClockCmd), (32 bytes).
    Removing stm32f2xx_rcc.o(i.RCC_AHB3PeriphClockLPModeCmd), (32 bytes).
    Removing stm32f2xx_rcc.o(i.RCC_AHB3PeriphResetCmd), (32 bytes).
    Removing stm32f2xx_rcc.o(i.RCC_APB1PeriphClockLPModeCmd), (32 bytes).
    Removing stm32f2xx_rcc.o(i.RCC_APB2PeriphClockLPModeCmd), (32 bytes).
    Removing stm32f2xx_rcc.o(i.RCC_APB2PeriphResetCmd), (32 bytes).
    Removing stm32f2xx_rcc.o(i.RCC_AdjustHSICalibrationValue), (24 bytes).
    Removing stm32f2xx_rcc.o(i.RCC_BackupResetCmd), (12 bytes).
    Removing stm32f2xx_rcc.o(i.RCC_ClearITPendingBit), (12 bytes).
    Removing stm32f2xx_rcc.o(i.RCC_ClockSecuritySystemCmd), (12 bytes).
    Removing stm32f2xx_rcc.o(i.RCC_DeInit), (72 bytes).
    Removing stm32f2xx_rcc.o(i.RCC_GetITStatus), (24 bytes).
    Removing stm32f2xx_rcc.o(i.RCC_GetSYSCLKSource), (16 bytes).
    Removing stm32f2xx_rcc.o(i.RCC_HCLKConfig), (24 bytes).
    Removing stm32f2xx_rcc.o(i.RCC_HSEConfig), (16 bytes).
    Removing stm32f2xx_rcc.o(i.RCC_HSICmd), (12 bytes).
    Removing stm32f2xx_rcc.o(i.RCC_I2SCLKConfig), (12 bytes).
    Removing stm32f2xx_rcc.o(i.RCC_ITConfig), (32 bytes).
    Removing stm32f2xx_rcc.o(i.RCC_LSEConfig), (44 bytes).
    Removing stm32f2xx_rcc.o(i.RCC_LSICmd), (12 bytes).
    Removing stm32f2xx_rcc.o(i.RCC_MCO1Config), (28 bytes).
    Removing stm32f2xx_rcc.o(i.RCC_MCO2Config), (28 bytes).
    Removing stm32f2xx_rcc.o(i.RCC_PCLK1Config), (24 bytes).
    Removing stm32f2xx_rcc.o(i.RCC_PCLK2Config), (24 bytes).
    Removing stm32f2xx_rcc.o(i.RCC_PLLCmd), (12 bytes).
    Removing stm32f2xx_rcc.o(i.RCC_PLLConfig), (36 bytes).
    Removing stm32f2xx_rcc.o(i.RCC_PLLI2SCmd), (12 bytes).
    Removing stm32f2xx_rcc.o(i.RCC_PLLI2SConfig), (16 bytes).
    Removing stm32f2xx_rcc.o(i.RCC_RTCCLKCmd), (12 bytes).
    Removing stm32f2xx_rcc.o(i.RCC_RTCCLKConfig), (60 bytes).
    Removing stm32f2xx_rcc.o(i.RCC_SYSCLKConfig), (24 bytes).
    Removing stm32f2xx_rcc.o(i.RCC_WaitForHSEStartUp), (56 bytes).
    Removing stm32f2xx_usart.o(.rev16_text), (4 bytes).
    Removing stm32f2xx_usart.o(.revsh_text), (4 bytes).
    Removing stm32f2xx_usart.o(.rrx_text), (6 bytes).
    Removing stm32f2xx_usart.o(i.USART_ClearFlag), (18 bytes).
    Removing stm32f2xx_usart.o(i.USART_ClockStructInit), (12 bytes).
    Removing stm32f2xx_usart.o(i.USART_DeInit), (180 bytes).
    Removing stm32f2xx_usart.o(i.USART_GetITStatus), (84 bytes).
    Removing stm32f2xx_usart.o(i.USART_HalfDuplexCmd), (24 bytes).
    Removing stm32f2xx_usart.o(i.USART_IrDACmd), (24 bytes).
    Removing stm32f2xx_usart.o(i.USART_IrDAConfig), (18 bytes).
    Removing stm32f2xx_usart.o(i.USART_LINBreakDetectLengthConfig), (18 bytes).
    Removing stm32f2xx_usart.o(i.USART_LINCmd), (24 bytes).
    Removing stm32f2xx_usart.o(i.USART_OneBitMethodCmd), (24 bytes).
    Removing stm32f2xx_usart.o(i.USART_OverSampling8Cmd), (22 bytes).
    Removing stm32f2xx_usart.o(i.USART_ReceiverWakeUpCmd), (24 bytes).
    Removing stm32f2xx_usart.o(i.USART_SendBreak), (10 bytes).
    Removing stm32f2xx_usart.o(i.USART_SetAddress), (18 bytes).
    Removing stm32f2xx_usart.o(i.USART_SetGuardTime), (16 bytes).
    Removing stm32f2xx_usart.o(i.USART_SetPrescaler), (16 bytes).
    Removing stm32f2xx_usart.o(i.USART_SmartCardCmd), (24 bytes).
    Removing stm32f2xx_usart.o(i.USART_SmartCardNACKCmd), (24 bytes).
    Removing stm32f2xx_usart.o(i.USART_StructInit), (24 bytes).
    Removing stm32f2xx_usart.o(i.USART_WakeUpConfig), (18 bytes).
    Removing stm32f2xx_flash.o(.rev16_text), (4 bytes).
    Removing stm32f2xx_flash.o(.revsh_text), (4 bytes).
    Removing stm32f2xx_flash.o(.rrx_text), (6 bytes).
    Removing stm32f2xx_flash.o(i.FLASH_DataCacheCmd), (36 bytes).
    Removing stm32f2xx_flash.o(i.FLASH_DataCacheReset), (20 bytes).
    Removing stm32f2xx_flash.o(i.FLASH_EraseAllSectors), (108 bytes).
    Removing stm32f2xx_flash.o(i.FLASH_GetFlagStatus), (24 bytes).
    Removing stm32f2xx_flash.o(i.FLASH_ITConfig), (32 bytes).
    Removing stm32f2xx_flash.o(i.FLASH_InstructionCacheCmd), (36 bytes).
    Removing stm32f2xx_flash.o(i.FLASH_InstructionCacheReset), (20 bytes).
    Removing stm32f2xx_flash.o(i.FLASH_OB_BORConfig), (28 bytes).
    Removing stm32f2xx_flash.o(i.FLASH_OB_GetBOR), (16 bytes).
    Removing stm32f2xx_flash.o(i.FLASH_OB_GetUser), (16 bytes).
    Removing stm32f2xx_flash.o(i.FLASH_OB_GetWRP), (12 bytes).
    Removing stm32f2xx_flash.o(i.FLASH_OB_UserConfig), (48 bytes).
    Removing stm32f2xx_flash.o(i.FLASH_OB_WRPConfig), (52 bytes).
    Removing stm32f2xx_flash.o(i.FLASH_PrefetchBufferCmd), (36 bytes).
    Removing stm32f2xx_flash.o(i.FLASH_ProgramByte), (76 bytes).
    Removing stm32f2xx_flash.o(i.FLASH_ProgramDoubleWord), (84 bytes).
    Removing stm32f2xx_flash.o(i.FLASH_ProgramHalfWord), (80 bytes).
    Removing stm32f2xx_flash.o(i.FLASH_SetLatency), (12 bytes).
    Removing misc.o(.rev16_text), (4 bytes).
    Removing misc.o(.revsh_text), (4 bytes).
    Removing misc.o(.rrx_text), (6 bytes).
    Removing misc.o(i.NVIC_SystemLPConfig), (32 bytes).
    Removing misc.o(i.SysTick_CLKSourceConfig), (40 bytes).
    Removing stm32f2xx_dma.o(.rev16_text), (4 bytes).
    Removing stm32f2xx_dma.o(.revsh_text), (4 bytes).
    Removing stm32f2xx_dma.o(.rrx_text), (6 bytes).
    Removing stm32f2xx_dma.o(i.DMA_ClearFlag), (52 bytes).
    Removing stm32f2xx_dma.o(i.DMA_ClearITPendingBit), (52 bytes).
    Removing stm32f2xx_dma.o(i.DMA_DoubleBufferModeCmd), (22 bytes).
    Removing stm32f2xx_dma.o(i.DMA_DoubleBufferModeConfig), (24 bytes).
    Removing stm32f2xx_dma.o(i.DMA_FlowControllerConfig), (22 bytes).
    Removing stm32f2xx_dma.o(i.DMA_GetCmdStatus), (20 bytes).
    Removing stm32f2xx_dma.o(i.DMA_GetCurrDataCounter), (8 bytes).
    Removing stm32f2xx_dma.o(i.DMA_GetCurrentMemoryTarget), (20 bytes).
    Removing stm32f2xx_dma.o(i.DMA_GetFIFOStatus), (12 bytes).
    Removing stm32f2xx_dma.o(i.DMA_GetFlagStatus), (68 bytes).
    Removing stm32f2xx_dma.o(i.DMA_GetITStatus), (100 bytes).
    Removing stm32f2xx_dma.o(i.DMA_ITConfig), (58 bytes).
    Removing stm32f2xx_dma.o(i.DMA_MemoryTargetConfig), (10 bytes).
    Removing stm32f2xx_dma.o(i.DMA_PeriphIncOffsetSizeConfig), (22 bytes).
    Removing stm32f2xx_dma.o(i.DMA_SetCurrDataCounter), (4 bytes).
    Removing system_stm32f2xx.o(.rev16_text), (4 bytes).
    Removing system_stm32f2xx.o(.revsh_text), (4 bytes).
    Removing system_stm32f2xx.o(.rrx_text), (6 bytes).
    Removing system_stm32f2xx.o(i.SystemCoreClockUpdate), (192 bytes).
    Removing system_stm32f2xx.o(.data), (20 bytes).
    Removing diskio.o(.rev16_text), (4 bytes).
    Removing diskio.o(.revsh_text), (4 bytes).
    Removing diskio.o(.rrx_text), (6 bytes).
    Removing diskio.o(i.Defragment), (180 bytes).
    Removing diskio.o(i.SectorQuery), (192 bytes).
    Removing diskio.o(i.disk_ioctl), (90 bytes).
    Removing diskio.o(i.disk_write), (140 bytes).
    Removing diskio.o(i.get_fattime), (4 bytes).
    Removing diskio.o(i.time), (6 bytes).
    Removing ff.o(i.dir_read), (188 bytes).
    Removing ff.o(i.f_chdir), (92 bytes).
    Removing ff.o(i.f_chdrive), (24 bytes).
    Removing ff.o(i.f_getcwd), (316 bytes).
    Removing ff.o(i.f_lseek), (282 bytes).
    Removing ff.o(i.f_opendir), (120 bytes).
    Removing ff.o(i.f_readdir), (98 bytes).
    Removing ff.o(i.f_stat), (66 bytes).
    Removing ff.o(i.gen_numname), (168 bytes).
    Removing ff.o(i.get_fileinfo), (296 bytes).
    Removing ff.o(i.pick_lfn), (116 bytes).
    Removing dadd.o(.text), (334 bytes).
    Removing dmul.o(.text), (228 bytes).
    Removing ddiv.o(.text), (222 bytes).
    Removing dfixul.o(.text), (48 bytes).
    Removing cdrcmple.o(.text), (48 bytes).
    Removing depilogue.o(.text), (186 bytes).

204 unused section(s) (total 9702 bytes) removed from the image.

==============================================================================

Image Symbol Table

    Local Symbols

    Symbol Name                              Value     Ov Type        Size  Object(Section)

    ../clib/microlib/ctype/ctype.c           0x00000000   Number         0  iscntrl_o.o ABSOLUTE
    ../clib/microlib/ctype/ctype.c           0x00000000   Number         0  isxdigit_o.o ABSOLUTE
    ../clib/microlib/ctype/ctype.c           0x00000000   Number         0  isgraph_o.o ABSOLUTE
    ../clib/microlib/ctype/ctype.c           0x00000000   Number         0  isprint_o.o ABSOLUTE
    ../clib/microlib/ctype/ctype.c           0x00000000   Number         0  isalnum_o.o ABSOLUTE
    ../clib/microlib/ctype/ctype.c           0x00000000   Number         0  ispunct_o.o ABSOLUTE
    ../clib/microlib/ctype/ctype.c           0x00000000   Number         0  ctype_o.o ABSOLUTE
    ../clib/microlib/ctype/ctype.c           0x00000000   Number         0  isalpha_o.o ABSOLUTE
    ../clib/microlib/ctype/ctype.c           0x00000000   Number         0  isblank_o.o ABSOLUTE
    ../clib/microlib/ctype/ctype.c           0x00000000   Number         0  isupper_o.o ABSOLUTE
    ../clib/microlib/ctype/ctype.c           0x00000000   Number         0  islower_o.o ABSOLUTE
    ../clib/microlib/ctype/ctype.c           0x00000000   Number         0  isdigit_o.o ABSOLUTE
    ../clib/microlib/ctype/ctype.c           0x00000000   Number         0  isspace_o.o ABSOLUTE
    ../clib/microlib/division.c              0x00000000   Number         0  uldiv.o ABSOLUTE
    ../clib/microlib/division.c              0x00000000   Number         0  uidiv.o ABSOLUTE
    ../clib/microlib/errno.c                 0x00000000   Number         0  errno.o ABSOLUTE
    ../clib/microlib/init/entry.s            0x00000000   Number         0  entry.o ABSOLUTE
    ../clib/microlib/init/entry.s            0x00000000   Number         0  entry11a.o ABSOLUTE
    ../clib/microlib/init/entry.s            0x00000000   Number         0  entry2.o ABSOLUTE
    ../clib/microlib/init/entry.s            0x00000000   Number         0  entry9a.o ABSOLUTE
    ../clib/microlib/init/entry.s            0x00000000   Number         0  entry8b.o ABSOLUTE
    ../clib/microlib/init/entry.s            0x00000000   Number         0  entry5.o ABSOLUTE
    ../clib/microlib/init/entry.s            0x00000000   Number         0  entry7b.o ABSOLUTE
    ../clib/microlib/init/entry.s            0x00000000   Number         0  entry7a.o ABSOLUTE
    ../clib/microlib/init/entry.s            0x00000000   Number         0  entry11b.o ABSOLUTE
    ../clib/microlib/init/entry.s            0x00000000   Number         0  entry10b.o ABSOLUTE
    ../clib/microlib/init/entry.s            0x00000000   Number         0  entry10a.o ABSOLUTE
    ../clib/microlib/init/entry.s            0x00000000   Number         0  entry9b.o ABSOLUTE
    ../clib/microlib/init/entry.s            0x00000000   Number         0  entry8a.o ABSOLUTE
    ../clib/microlib/longlong.c              0x00000000   Number         0  llushr.o ABSOLUTE
    ../clib/microlib/longlong.c              0x00000000   Number         0  llsshr.o ABSOLUTE
    ../clib/microlib/longlong.c              0x00000000   Number         0  llshl.o ABSOLUTE
    ../clib/microlib/malloc/calloc.c         0x00000000   Number         0  calloc.o ABSOLUTE
    ../clib/microlib/malloc/malloc.c         0x00000000   Number         0  mallocr.o ABSOLUTE
    ../clib/microlib/malloc/malloc.c         0x00000000   Number         0  malloc.o ABSOLUTE
    ../clib/microlib/malloc/malloc.c         0x00000000   Number         0  mallocra.o ABSOLUTE
    ../clib/microlib/malloc/malloc.c         0x00000000   Number         0  malloca.o ABSOLUTE
    ../clib/microlib/malloc/mvars.c          0x00000000   Number         0  mvars.o ABSOLUTE
    ../clib/microlib/printf/printf.c         0x00000000   Number         0  printf1.o ABSOLUTE
    ../clib/microlib/printf/printf.c         0x00000000   Number         0  printfa.o ABSOLUTE
    ../clib/microlib/printf/printf.c         0x00000000   Number         0  printfb.o ABSOLUTE
    ../clib/microlib/printf/printf.c         0x00000000   Number         0  printf0.o ABSOLUTE
    ../clib/microlib/printf/printf.c         0x00000000   Number         0  printf7.o ABSOLUTE
    ../clib/microlib/printf/printf.c         0x00000000   Number         0  printf6.o ABSOLUTE
    ../clib/microlib/printf/printf.c         0x00000000   Number         0  printf8.o ABSOLUTE
    ../clib/microlib/printf/printf.c         0x00000000   Number         0  printf5.o ABSOLUTE
    ../clib/microlib/printf/printf.c         0x00000000   Number         0  printf4.o ABSOLUTE
    ../clib/microlib/printf/printf.c         0x00000000   Number         0  printf3.o ABSOLUTE
    ../clib/microlib/printf/printf.c         0x00000000   Number         0  printf2.o ABSOLUTE
    ../clib/microlib/printf/stubs.s          0x00000000   Number         0  stubs.o ABSOLUTE
    ../clib/microlib/stdio/getc.c            0x00000000   Number         0  getc.o ABSOLUTE
    ../clib/microlib/stdio/streams.c         0x00000000   Number         0  stdin.o ABSOLUTE
    ../clib/microlib/stdio/streams.c         0x00000000   Number         0  stdout.o ABSOLUTE
    ../clib/microlib/string/memcmp.c         0x00000000   Number         0  memcmp.o ABSOLUTE
    ../clib/microlib/string/memcpy.c         0x00000000   Number         0  memcpya.o ABSOLUTE
    ../clib/microlib/string/memcpy.c         0x00000000   Number         0  memcpyb.o ABSOLUTE
    ../clib/microlib/string/strcpy.c         0x00000000   Number         0  strcpy.o ABSOLUTE
    ../clib/microlib/string/strlen.c         0x00000000   Number         0  strlen.o ABSOLUTE
    ../clib/microlib/string/strncpy.c        0x00000000   Number         0  strncpy.o ABSOLUTE
    ../clib/microlib/stubs.s                 0x00000000   Number         0  iusefp.o ABSOLUTE
    ../clib/scanf.c                          0x00000000   Number         0  atoi.o ABSOLUTE
    ../clib/scanf.c                          0x00000000   Number         0  strtoul.o ABSOLUTE
    ../clib/scanf.c                          0x00000000   Number         0  strtol.o ABSOLUTE
    ../clib/scanf.c                          0x00000000   Number         0  _strtoul.o ABSOLUTE
    ../clib/scanf.c                          0x00000000   Number         0  _chval.o ABSOLUTE
    ../fplib/microlib/fpadd.c                0x00000000   Number         0  dadd.o ABSOLUTE
    ../fplib/microlib/fpdiv.c                0x00000000   Number         0  ddiv.o ABSOLUTE
    ../fplib/microlib/fpepilogue.c           0x00000000   Number         0  depilogue.o ABSOLUTE
    ../fplib/microlib/fpfix.c                0x00000000   Number         0  dfixul.o ABSOLUTE
    ../fplib/microlib/fpmul.c                0x00000000   Number         0  dmul.o ABSOLUTE
    ..\..\..\Libraries\STM32F2xx_StdPeriph_Driver\src\misc.c 0x00000000   Number         0  misc.o ABSOLUTE
    ..\..\..\Libraries\STM32F2xx_StdPeriph_Driver\src\stm32f2xx_can.c 0x00000000   Number         0  stm32f2xx_can.o ABSOLUTE
    ..\..\..\Libraries\STM32F2xx_StdPeriph_Driver\src\stm32f2xx_crc.c 0x00000000   Number         0  stm32f2xx_crc.o ABSOLUTE
    ..\..\..\Libraries\STM32F2xx_StdPeriph_Driver\src\stm32f2xx_dma.c 0x00000000   Number         0  stm32f2xx_dma.o ABSOLUTE
    ..\..\..\Libraries\STM32F2xx_StdPeriph_Driver\src\stm32f2xx_flash.c 0x00000000   Number         0  stm32f2xx_flash.o ABSOLUTE
    ..\..\..\Libraries\STM32F2xx_StdPeriph_Driver\src\stm32f2xx_gpio.c 0x00000000   Number         0  stm32f2xx_gpio.o ABSOLUTE
    ..\..\..\Libraries\STM32F2xx_StdPeriph_Driver\src\stm32f2xx_iwdg.c 0x00000000   Number         0  stm32f2xx_iwdg.o ABSOLUTE
    ..\..\..\Libraries\STM32F2xx_StdPeriph_Driver\src\stm32f2xx_rcc.c 0x00000000   Number         0  stm32f2xx_rcc.o ABSOLUTE
    ..\..\..\Libraries\STM32F2xx_StdPeriph_Driver\src\stm32f2xx_usart.c 0x00000000   Number         0  stm32f2xx_usart.o ABSOLUTE
    ..\..\..\Utilities\FatFs_R0.09a\diskio.c 0x00000000   Number         0  diskio.o ABSOLUTE
    ..\..\..\Utilities\FatFs_R0.09a\ff.c     0x00000000   Number         0  ff.o ABSOLUTE
    ..\..\..\Utilities\FatFs_R0.09a\option\ccsbcs.c 0x00000000   Number         0  ccsbcs.o ABSOLUTE
    ..\Src\io.c                              0x00000000   Number         0  io.o ABSOLUTE
    ..\Src\led.c                             0x00000000   Number         0  led.o ABSOLUTE
    ..\Src\main.c                            0x00000000   Number         0  main.o ABSOLUTE
    ..\Src\serial.c                          0x00000000   Number         0  serial.o ABSOLUTE
    ..\Src\startup_stm32f2xx.s               0x00000000   Number         0  startup_stm32f2xx.o ABSOLUTE
    ..\Src\system_stm32f2xx.c                0x00000000   Number         0  system_stm32f2xx.o ABSOLUTE
    ..\Src\usart.c                           0x00000000   Number         0  usart.o ABSOLUTE
    ..\\..\\..\\Libraries\\STM32F2xx_StdPeriph_Driver\\src\\misc.c 0x00000000   Number         0  misc.o ABSOLUTE
    ..\\..\\..\\Libraries\\STM32F2xx_StdPeriph_Driver\\src\\stm32f2xx_can.c 0x00000000   Number         0  stm32f2xx_can.o ABSOLUTE
    ..\\..\\..\\Libraries\\STM32F2xx_StdPeriph_Driver\\src\\stm32f2xx_crc.c 0x00000000   Number         0  stm32f2xx_crc.o ABSOLUTE
    ..\\..\\..\\Libraries\\STM32F2xx_StdPeriph_Driver\\src\\stm32f2xx_dma.c 0x00000000   Number         0  stm32f2xx_dma.o ABSOLUTE
    ..\\..\\..\\Libraries\\STM32F2xx_StdPeriph_Driver\\src\\stm32f2xx_flash.c 0x00000000   Number         0  stm32f2xx_flash.o ABSOLUTE
    ..\\..\\..\\Libraries\\STM32F2xx_StdPeriph_Driver\\src\\stm32f2xx_gpio.c 0x00000000   Number         0  stm32f2xx_gpio.o ABSOLUTE
    ..\\..\\..\\Libraries\\STM32F2xx_StdPeriph_Driver\\src\\stm32f2xx_iwdg.c 0x00000000   Number         0  stm32f2xx_iwdg.o ABSOLUTE
    ..\\..\\..\\Libraries\\STM32F2xx_StdPeriph_Driver\\src\\stm32f2xx_rcc.c 0x00000000   Number         0  stm32f2xx_rcc.o ABSOLUTE
    ..\\..\\..\\Libraries\\STM32F2xx_StdPeriph_Driver\\src\\stm32f2xx_usart.c 0x00000000   Number         0  stm32f2xx_usart.o ABSOLUTE
    ..\\..\\..\\Utilities\\FatFs_R0.09a\\diskio.c 0x00000000   Number         0  diskio.o ABSOLUTE
    ..\\Src\\led.c                           0x00000000   Number         0  led.o ABSOLUTE
    ..\\Src\\main.c                          0x00000000   Number         0  main.o ABSOLUTE
    ..\\Src\\serial.c                        0x00000000   Number         0  serial.o ABSOLUTE
    ..\\Src\\system_stm32f2xx.c              0x00000000   Number         0  system_stm32f2xx.o ABSOLUTE
    ..\\Src\\usart.c                         0x00000000   Number         0  usart.o ABSOLUTE
    cdrcmple.s                               0x00000000   Number         0  cdrcmple.o ABSOLUTE
    dc.s                                     0x00000000   Number         0  dc.o ABSOLUTE
    handlers.s                               0x00000000   Number         0  handlers.o ABSOLUTE
    init.s                                   0x00000000   Number         0  init.o ABSOLUTE
    RESET                                    0x08000000   Section      388  startup_stm32f2xx.o(RESET)
    .ARM.Collect$$$$00000000                 0x08000184   Section        0  entry.o(.ARM.Collect$$$$00000000)
    .ARM.Collect$$$$00000001                 0x08000184   Section        4  entry2.o(.ARM.Collect$$$$00000001)
    .ARM.Collect$$$$00000004                 0x08000188   Section        4  entry5.o(.ARM.Collect$$$$00000004)
    .ARM.Collect$$$$00000008                 0x0800018c   Section        0  entry7b.o(.ARM.Collect$$$$00000008)
    .ARM.Collect$$$$0000000A                 0x0800018c   Section        0  entry8b.o(.ARM.Collect$$$$0000000A)
    .ARM.Collect$$$$0000000B                 0x0800018c   Section        8  entry9a.o(.ARM.Collect$$$$0000000B)
    .ARM.Collect$$$$0000000D                 0x08000194   Section        0  entry10a.o(.ARM.Collect$$$$0000000D)
    .ARM.Collect$$$$0000000F                 0x08000194   Section        0  entry11a.o(.ARM.Collect$$$$0000000F)
    .ARM.Collect$$$$00002712                 0x08000194   Section        4  entry2.o(.ARM.Collect$$$$00002712)
    __lit__00000000                          0x08000194   Data           4  entry2.o(.ARM.Collect$$$$00002712)
    .text                                    0x08000198   Section       36  startup_stm32f2xx.o(.text)
    .text                                    0x080001bc   Section        0  ctype_o.o(.text)
    .text                                    0x080001c4   Section        0  memcpya.o(.text)
    .text                                    0x080001e8   Section        0  strncpy.o(.text)
    .text                                    0x08000200   Section        0  memcmp.o(.text)
    .text                                    0x0800021a   Section        0  strcpy.o(.text)
    .text                                    0x0800022c   Section        0  calloc.o(.text)
    .text                                    0x08000248   Section        0  strtoul.o(.text)
    .text                                    0x080002ba   Section        0  uldiv.o(.text)
    .text                                    0x0800031c   Section        0  _strtoul.o(.text)
    .text                                    0x080003bc   Section       36  init.o(.text)
    .text                                    0x080003e0   Section        0  llshl.o(.text)
    .text                                    0x080003fe   Section        0  llushr.o(.text)
    .text                                    0x0800041e   Section        0  _chval.o(.text)
    i.App_Init                               0x0800043c   Section        0  main.o(i.App_Init)
    i.CAN_DeInit                             0x08000498   Section        0  stm32f2xx_can.o(i.CAN_DeInit)
    i.CAN_FilterInit                         0x080004d0   Section        0  stm32f2xx_can.o(i.CAN_FilterInit)
    i.CAN_Init                               0x080005d8   Section        0  stm32f2xx_can.o(i.CAN_Init)
    i.CAN_MessagePending                     0x080006ec   Section        0  stm32f2xx_can.o(i.CAN_MessagePending)
    i.CAN_Receive                            0x0800070a   Section        0  stm32f2xx_can.o(i.CAN_Receive)
    i.CAN_StructInit                         0x080007fa   Section        0  stm32f2xx_can.o(i.CAN_StructInit)
    i.CAN_Transmit                           0x0800081a   Section        0  stm32f2xx_can.o(i.CAN_Transmit)
    i.CRC_CalcBlockCRC                       0x08000940   Section        0  stm32f2xx_crc.o(i.CRC_CalcBlockCRC)
    i.CRC_ResetDR                            0x08000964   Section        0  stm32f2xx_crc.o(i.CRC_ResetDR)
    i.CanHexMessage                          0x08000970   Section        0  main.o(i.CanHexMessage)
    i.CanHexProg                             0x080009a8   Section        0  main.o(i.CanHexProg)
    i.DMA_Cmd                                0x08000ab0   Section        0  stm32f2xx_dma.o(i.DMA_Cmd)
    i.DMA_Configuration                      0x08000ac8   Section        0  usart.o(i.DMA_Configuration)
    i.DMA_DeInit                             0x08000b78   Section        0  stm32f2xx_dma.o(i.DMA_DeInit)
    i.DMA_Init                               0x08000cd0   Section        0  stm32f2xx_dma.o(i.DMA_Init)
    i.DMA_StructInit                         0x08000d28   Section        0  stm32f2xx_dma.o(i.DMA_StructInit)
    i.FLASH_ClearFlag                        0x08000d4c   Section        0  stm32f2xx_flash.o(i.FLASH_ClearFlag)
    i.FLASH_EraseSector                      0x08000d58   Section        0  stm32f2xx_flash.o(i.FLASH_EraseSector)
    i.FLASH_GetStatus                        0x08000de0   Section        0  stm32f2xx_flash.o(i.FLASH_GetStatus)
    i.FLASH_Lock                             0x08000e28   Section        0  stm32f2xx_flash.o(i.FLASH_Lock)
    i.FLASH_OB_GetRDP                        0x08000e3c   Section        0  stm32f2xx_flash.o(i.FLASH_OB_GetRDP)
    i.FLASH_OB_Launch                        0x08000e54   Section        0  stm32f2xx_flash.o(i.FLASH_OB_Launch)
    i.FLASH_OB_Lock                          0x08000e74   Section        0  stm32f2xx_flash.o(i.FLASH_OB_Lock)
    i.FLASH_OB_RDPConfig                     0x08000e88   Section        0  stm32f2xx_flash.o(i.FLASH_OB_RDPConfig)
    i.FLASH_OB_Unlock                        0x08000ea4   Section        0  stm32f2xx_flash.o(i.FLASH_OB_Unlock)
    i.FLASH_ProgramWord                      0x08000ec8   Section        0  stm32f2xx_flash.o(i.FLASH_ProgramWord)
    i.FLASH_Unlock                           0x08000f18   Section        0  stm32f2xx_flash.o(i.FLASH_Unlock)
    i.FLASH_WaitForLastOperation             0x08000f3c   Section        0  stm32f2xx_flash.o(i.FLASH_WaitForLastOperation)
    i.FileHexProg                            0x08000f60   Section        0  main.o(i.FileHexProg)
    i.FlashErase                             0x08000ff8   Section        0  main.o(i.FlashErase)
    i.FlashProgram32                         0x08001058   Section        0  main.o(i.FlashProgram32)
    i.GPIO_Init                              0x080010a4   Section        0  stm32f2xx_gpio.o(i.GPIO_Init)
    i.GPIO_PinAFConfig                       0x08001134   Section        0  stm32f2xx_gpio.o(i.GPIO_PinAFConfig)
    i.GPIO_SetBits                           0x0800117a   Section        0  stm32f2xx_gpio.o(i.GPIO_SetBits)
    i.GPIO_StructInit                        0x0800117e   Section        0  stm32f2xx_gpio.o(i.GPIO_StructInit)
    i.GPIO_ToggleBits                        0x08001190   Section        0  stm32f2xx_gpio.o(i.GPIO_ToggleBits)
    i.HexChecksumError                       0x08001198   Section        0  main.o(i.HexChecksumError)
    i.IWDG_Enable                            0x080011c0   Section        0  stm32f2xx_iwdg.o(i.IWDG_Enable)
    i.IWDG_GetFlagStatus                     0x080011d0   Section        0  stm32f2xx_iwdg.o(i.IWDG_GetFlagStatus)
    i.IWDG_ReloadCounter                     0x080011e8   Section        0  stm32f2xx_iwdg.o(i.IWDG_ReloadCounter)
    i.IWDG_SetPrescaler                      0x080011f8   Section        0  stm32f2xx_iwdg.o(i.IWDG_SetPrescaler)
    i.IWDG_SetReload                         0x08001204   Section        0  stm32f2xx_iwdg.o(i.IWDG_SetReload)
    i.IWDG_WriteAccessCmd                    0x08001210   Section        0  stm32f2xx_iwdg.o(i.IWDG_WriteAccessCmd)
    i.Initialize_CAN                         0x0800121c   Section        0  main.o(i.Initialize_CAN)
    i.Initialize_USART                       0x0800136c   Section        0  usart.o(i.Initialize_USART)
    i.NVIC_Init                              0x080014f0   Section        0  misc.o(i.NVIC_Init)
    i.NVIC_PriorityGroupConfig               0x08001568   Section        0  misc.o(i.NVIC_PriorityGroupConfig)
    i.NVIC_SetVectorTable                    0x0800157c   Section        0  misc.o(i.NVIC_SetVectorTable)
    i.ParseCAN                               0x08001590   Section        0  main.o(i.ParseCAN)
    i.ParseCOM                               0x08001788   Section        0  serial.o(i.ParseCOM)
    i.RCC_AHB1PeriphClockCmd                 0x0800194c   Section        0  stm32f2xx_rcc.o(i.RCC_AHB1PeriphClockCmd)
    i.RCC_APB1PeriphClockCmd                 0x0800196c   Section        0  stm32f2xx_rcc.o(i.RCC_APB1PeriphClockCmd)
    i.RCC_APB1PeriphResetCmd                 0x0800198c   Section        0  stm32f2xx_rcc.o(i.RCC_APB1PeriphResetCmd)
    i.RCC_APB2PeriphClockCmd                 0x080019ac   Section        0  stm32f2xx_rcc.o(i.RCC_APB2PeriphClockCmd)
    i.RCC_ClearFlag                          0x080019cc   Section        0  stm32f2xx_rcc.o(i.RCC_ClearFlag)
    i.RCC_GetClocksFreq                      0x080019e0   Section        0  stm32f2xx_rcc.o(i.RCC_GetClocksFreq)
    i.RCC_GetFlagStatus                      0x08001ac8   Section        0  stm32f2xx_rcc.o(i.RCC_GetFlagStatus)
    i.SendAck                                0x08001b08   Section        0  main.o(i.SendAck)
    i.SetSysClock                            0x08001b54   Section        0  system_stm32f2xx.o(i.SetSysClock)
    SetSysClock                              0x08001b55   Thumb Code   192  system_stm32f2xx.o(i.SetSysClock)
    i.SysTick_Handler                        0x08001c20   Section        0  main.o(i.SysTick_Handler)
    i.SysTick_init                           0x08001c30   Section        0  main.o(i.SysTick_init)
    i.SystemInit                             0x08001c78   Section        0  system_stm32f2xx.o(i.SystemInit)
    i.USART3_IRQHandler                      0x08001cc8   Section        0  usart.o(i.USART3_IRQHandler)
    i.USART_ClearITPendingBit                0x08001d40   Section        0  stm32f2xx_usart.o(i.USART_ClearITPendingBit)
    i.USART_ClockInit                        0x08001d5e   Section        0  stm32f2xx_usart.o(i.USART_ClockInit)
    i.USART_Cmd                              0x08001d7e   Section        0  stm32f2xx_usart.o(i.USART_Cmd)
    i.USART_DMACmd                           0x08001d96   Section        0  stm32f2xx_usart.o(i.USART_DMACmd)
    i.USART_GetFlagStatus                    0x08001da8   Section        0  stm32f2xx_usart.o(i.USART_GetFlagStatus)
    i.USART_ITConfig                         0x08001dc2   Section        0  stm32f2xx_usart.o(i.USART_ITConfig)
    i.USART_Init                             0x08001e0c   Section        0  stm32f2xx_usart.o(i.USART_Init)
    i.USART_ReceiveData                      0x08001ee0   Section        0  stm32f2xx_usart.o(i.USART_ReceiveData)
    i.USART_SendData                         0x08001eea   Section        0  stm32f2xx_usart.o(i.USART_SendData)
    i.Watchdog                               0x08001ef2   Section        0  main.o(i.Watchdog)
    i.Watchdog_init                          0x08001f08   Section        0  main.o(i.Watchdog_init)
    i.__0printf$8                            0x08001f3c   Section        0  printf8.o(i.__0printf$8)
    i.__App_Loop                             0x08001f5c   Section        0  main.o(i.__App_Loop)
    i.__NVIC_SetPriority                     0x08001fcc   Section        0  main.o(i.__NVIC_SetPriority)
    __NVIC_SetPriority                       0x08001fcd   Thumb Code    32  main.o(i.__NVIC_SetPriority)
    i.__NVIC_SystemReset                     0x08001ff4   Section        0  main.o(i.__NVIC_SystemReset)
    __NVIC_SystemReset                       0x08001ff5   Thumb Code    56  main.o(i.__NVIC_SystemReset)
    i.__aeabi_errno_addr                     0x08002034   Section        0  errno.o(i.__aeabi_errno_addr)
    i.__get                                  0x0800203c   Section        0  io.o(i.__get)
    i.__getDMA                               0x0800205c   Section        0  usart.o(i.__getDMA)
    i.__put                                  0x08002098   Section        0  io.o(i.__put)
    i.__putDMA                               0x080020b4   Section        0  usart.o(i.__putDMA)
    i.__putISR                               0x0800214c   Section        0  usart.o(i.__putISR)
    i.__scatterload_copy                     0x08002184   Section       14  handlers.o(i.__scatterload_copy)
    i.__scatterload_null                     0x08002192   Section        2  handlers.o(i.__scatterload_null)
    i.__scatterload_zeroinit                 0x08002194   Section       14  handlers.o(i.__scatterload_zeroinit)
    i._buffer_init                           0x080021a2   Section        0  io.o(i._buffer_init)
    i._buffer_pull                           0x080021ce   Section        0  io.o(i._buffer_pull)
    i._buffer_push                           0x08002206   Section        0  io.o(i._buffer_push)
    i._io_init                               0x08002244   Section        0  io.o(i._io_init)
    i._printf_core                           0x08002288   Section        0  printf8.o(i._printf_core)
    _printf_core                             0x08002289   Thumb Code   996  printf8.o(i._printf_core)
    i._printf_post_padding                   0x08002698   Section        0  printf8.o(i._printf_post_padding)
    _printf_post_padding                     0x08002699   Thumb Code    36  printf8.o(i._printf_post_padding)
    i._printf_pre_padding                    0x080026bc   Section        0  printf8.o(i._printf_pre_padding)
    _printf_pre_padding                      0x080026bd   Thumb Code    46  printf8.o(i._printf_pre_padding)
    i.cgets                                  0x080026ec   Section        0  serial.o(i.cgets)
    i.check_fs                               0x080027c8   Section        0  ff.o(i.check_fs)
    check_fs                                 0x080027c9   Thumb Code   138  ff.o(i.check_fs)
    i.chk_chr                                0x08002858   Section        0  ff.o(i.chk_chr)
    chk_chr                                  0x08002859   Thumb Code    20  ff.o(i.chk_chr)
    i.chk_mounted                            0x0800286c   Section        0  ff.o(i.chk_mounted)
    chk_mounted                              0x0800286d   Thumb Code   688  ff.o(i.chk_mounted)
    i.clust2sect                             0x08002b28   Section        0  ff.o(i.clust2sect)
    i.cmp_lfn                                0x08002b44   Section        0  ff.o(i.cmp_lfn)
    cmp_lfn                                  0x08002b45   Thumb Code   138  ff.o(i.cmp_lfn)
    i.crcError                               0x08002bd4   Section        0  main.o(i.crcError)
    i.crcSIGN                                0x08002c20   Section        0  main.o(i.crcSIGN)
    i.create_name                            0x08002cb4   Section        0  ff.o(i.create_name)
    create_name                              0x08002cb5   Thumb Code   638  ff.o(i.create_name)
    i.dir_find                               0x08002f4c   Section        0  ff.o(i.dir_find)
    dir_find                                 0x08002f4d   Thumb Code   222  ff.o(i.dir_find)
    i.dir_next                               0x0800302a   Section        0  ff.o(i.dir_next)
    dir_next                                 0x0800302b   Thumb Code   138  ff.o(i.dir_next)
    i.dir_sdi                                0x080030b4   Section        0  ff.o(i.dir_sdi)
    dir_sdi                                  0x080030b5   Thumb Code   156  ff.o(i.dir_sdi)
    i.disk_initialize                        0x08003150   Section        0  diskio.o(i.disk_initialize)
    i.disk_read                              0x08003164   Section        0  diskio.o(i.disk_read)
    i.disk_status                            0x080031cc   Section        0  diskio.o(i.disk_status)
    i.f_close                                0x080031d2   Section        0  ff.o(i.f_close)
    i.f_gets                                 0x080031e8   Section        0  ff.o(i.f_gets)
    i.f_mount                                0x08003238   Section        0  ff.o(i.f_mount)
    i.f_open                                 0x08003264   Section        0  ff.o(i.f_open)
    i.f_read                                 0x080032f0   Section        0  ff.o(i.f_read)
    i.ff_convert                             0x0800346c   Section        0  ccsbcs.o(i.ff_convert)
    i.ff_wtoupper                            0x080034b8   Section        0  ccsbcs.o(i.ff_wtoupper)
    i.fgetc                                  0x080034f0   Section        0  usart.o(i.fgetc)
    i.follow_path                            0x08003538   Section        0  ff.o(i.follow_path)
    follow_path                              0x08003539   Thumb Code   174  ff.o(i.follow_path)
    i.fputc                                  0x080035e8   Section        0  usart.o(i.fputc)
    i.get_fat                                0x08003628   Section        0  ff.o(i.get_fat)
    i.getc                                   0x0800370c   Section        0  getc.o(i.getc)
    i.ld_clust                               0x08003710   Section        0  ff.o(i.ld_clust)
    ld_clust                                 0x08003711   Thumb Code    32  ff.o(i.ld_clust)
    i.main                                   0x08003730   Section        0  main.o(i.main)
    i.malloc                                 0x08003800   Section        0  malloc.o(i.malloc)
    i.mem_cmp                                0x0800386c   Section        0  ff.o(i.mem_cmp)
    mem_cmp                                  0x0800386d   Thumb Code    38  ff.o(i.mem_cmp)
    i.mem_cpy                                0x08003892   Section        0  ff.o(i.mem_cpy)
    mem_cpy                                  0x08003893   Thumb Code    26  ff.o(i.mem_cpy)
    i.mem_set                                0x080038ac   Section        0  ff.o(i.mem_set)
    mem_set                                  0x080038ad   Thumb Code    20  ff.o(i.mem_set)
    i.move_window                            0x080038c0   Section        0  ff.o(i.move_window)
    move_window                              0x080038c1   Thumb Code    40  ff.o(i.move_window)
    i.str2hex                                0x080038e8   Section        0  main.o(i.str2hex)
    i.sum_sfn                                0x0800390e   Section        0  ff.o(i.sum_sfn)
    sum_sfn                                  0x0800390f   Thumb Code    32  ff.o(i.sum_sfn)
    i.validate                               0x0800392e   Section        0  ff.o(i.validate)
    validate                                 0x0800392f   Thumb Code    52  ff.o(i.validate)
    .constdata                               0x08003962   Section      141  ff.o(.constdata)
    LfnOfs                                   0x08003962   Data          13  ff.o(.constdata)
    excvt                                    0x0800396f   Data         128  ff.o(.constdata)
    .constdata                               0x080039f0   Section     1216  ccsbcs.o(.constdata)
    Tbl                                      0x080039f0   Data         256  ccsbcs.o(.constdata)
    tbl_lower                                0x08003af0   Data         480  ccsbcs.o(.constdata)
    tbl_upper                                0x08003cd0   Data         480  ccsbcs.o(.constdata)
    .constdata                               0x08003eb0   Section      129  ctype_o.o(.constdata)
    .constdata                               0x08003f34   Section        4  ctype_o.o(.constdata)
    table                                    0x08003f34   Data           4  ctype_o.o(.constdata)
    .data                                    0x20000000   Section       60  main.o(.data)
    t                                        0x20000028   Data           4  main.o(.data)
    addr                                     0x2000002c   Data           4  main.o(.data)
    n                                        0x20000030   Data           4  main.o(.data)
    dots                                     0x20000034   Data           4  main.o(.data)
    ExtAddr                                  0x20000038   Data           4  main.o(.data)
    .data                                    0x2000003c   Section       12  usart.o(.data)
    n                                        0x20000044   Data           4  usart.o(.data)
    .data                                    0x20000048   Section       16  stm32f2xx_rcc.o(.data)
    APBAHBPrescTable                         0x20000048   Data          16  stm32f2xx_rcc.o(.data)
    .data                                    0x20000058   Section       11  ff.o(.data)
    FatFs                                    0x20000058   Data           8  ff.o(.data)
    Fsid                                     0x20000060   Data           2  ff.o(.data)
    CurrVol                                  0x20000062   Data           1  ff.o(.data)
    .data                                    0x20000064   Section        4  stdin.o(.data)
    .data                                    0x20000068   Section        4  stdout.o(.data)
    .data                                    0x2000006c   Section        4  errno.o(.data)
    _errno                                   0x2000006c   Data           4  errno.o(.data)
    .data                                    0x20000070   Section        4  mvars.o(.data)
    .data                                    0x20000074   Section        4  mvars.o(.data)
    .bss                                     0x20000078   Section      128  main.o(.bss)
    HEAP                                     0x200000f8   Section    12288  startup_stm32f2xx.o(HEAP)
    STACK                                    0x200030f8   Section     8192  startup_stm32f2xx.o(STACK)

    Global Symbols

    Symbol Name                              Value     Ov Type        Size  Object(Section)

    BuildAttributes$$THM_ISAv4$E$P$D$K$B$S$7EM$PE$A:L22UL41UL21$X:L11$S22US41US21$IEEE1$IW$USESV6$~STKCKD$USESV7$~SHL$OSPACE$ROPI$EBA8$MICROLIB$REQ8$PRES8$EABIv2 0x00000000   Number         0  anon$$obj.o ABSOLUTE
    __ARM_use_no_argv                        0x00000000   Number         0  main.o ABSOLUTE
    _printf_a                                0x00000000   Number         0  stubs.o ABSOLUTE
    _printf_c                                0x00000000   Number         0  stubs.o ABSOLUTE
    _printf_charcount                        0x00000000   Number         0  stubs.o ABSOLUTE
    _printf_d                                0x00000000   Number         0  stubs.o ABSOLUTE
    _printf_e                                0x00000000   Number         0  stubs.o ABSOLUTE
    _printf_f                                0x00000000   Number         0  stubs.o ABSOLUTE
    _printf_flags                            0x00000000   Number         0  stubs.o ABSOLUTE
    _printf_fp_dec                           0x00000000   Number         0  stubs.o ABSOLUTE
    _printf_fp_hex                           0x00000000   Number         0  stubs.o ABSOLUTE
    _printf_g                                0x00000000   Number         0  stubs.o ABSOLUTE
    _printf_i                                0x00000000   Number         0  stubs.o ABSOLUTE
    _printf_int_dec                          0x00000000   Number         0  stubs.o ABSOLUTE
    _printf_l                                0x00000000   Number         0  stubs.o ABSOLUTE
    _printf_lc                               0x00000000   Number         0  stubs.o ABSOLUTE
    _printf_ll                               0x00000000   Number         0  stubs.o ABSOLUTE
    _printf_lld                              0x00000000   Number         0  stubs.o ABSOLUTE
    _printf_lli                              0x00000000   Number         0  stubs.o ABSOLUTE
    _printf_llo                              0x00000000   Number         0  stubs.o ABSOLUTE
    _printf_llu                              0x00000000   Number         0  stubs.o ABSOLUTE
    _printf_llx                              0x00000000   Number         0  stubs.o ABSOLUTE
    _printf_longlong_dec                     0x00000000   Number         0  stubs.o ABSOLUTE
    _printf_longlong_hex                     0x00000000   Number         0  stubs.o ABSOLUTE
    _printf_longlong_oct                     0x00000000   Number         0  stubs.o ABSOLUTE
    _printf_ls                               0x00000000   Number         0  stubs.o ABSOLUTE
    _printf_mbtowc                           0x00000000   Number         0  stubs.o ABSOLUTE
    _printf_n                                0x00000000   Number         0  stubs.o ABSOLUTE
    _printf_o                                0x00000000   Number         0  stubs.o ABSOLUTE
    _printf_p                                0x00000000   Number         0  stubs.o ABSOLUTE
    _printf_percent                          0x00000000   Number         0  stubs.o ABSOLUTE
    _printf_pre_padding                      0x00000000   Number         0  stubs.o ABSOLUTE
    _printf_return_value                     0x00000000   Number         0  stubs.o ABSOLUTE
    _printf_s                                0x00000000   Number         0  stubs.o ABSOLUTE
    _printf_sizespec                         0x00000000   Number         0  stubs.o ABSOLUTE
    _printf_str                              0x00000000   Number         0  stubs.o ABSOLUTE
    _printf_truncate_signed                  0x00000000   Number         0  stubs.o ABSOLUTE
    _printf_truncate_unsigned                0x00000000   Number         0  stubs.o ABSOLUTE
    _printf_u                                0x00000000   Number         0  stubs.o ABSOLUTE
    _printf_wc                               0x00000000   Number         0  stubs.o ABSOLUTE
    _printf_wctomb                           0x00000000   Number         0  stubs.o ABSOLUTE
    _printf_widthprec                        0x00000000   Number         0  stubs.o ABSOLUTE
    _printf_x                                0x00000000   Number         0  stubs.o ABSOLUTE
    __cpp_initialize__aeabi_                  - Undefined Weak Reference
    __cxa_finalize                            - Undefined Weak Reference
    __decompress                              - Undefined Weak Reference
    _clock_init                               - Undefined Weak Reference
    _microlib_exit                            - Undefined Weak Reference
    __Vectors_Size                           0x00000184   Number         0  startup_stm32f2xx.o ABSOLUTE
    __Vectors                                0x08000000   Data           4  startup_stm32f2xx.o(RESET)
    __Vectors_End                            0x08000184   Data           0  startup_stm32f2xx.o(RESET)
    __main                                   0x08000185   Thumb Code     0  entry.o(.ARM.Collect$$$$00000000)
    _main_stk                                0x08000185   Thumb Code     0  entry2.o(.ARM.Collect$$$$00000001)
    _main_scatterload                        0x08000189   Thumb Code     0  entry5.o(.ARM.Collect$$$$00000004)
    __main_after_scatterload                 0x0800018d   Thumb Code     0  entry5.o(.ARM.Collect$$$$00000004)
    _main_clock                              0x0800018d   Thumb Code     0  entry7b.o(.ARM.Collect$$$$00000008)
    _main_cpp_init                           0x0800018d   Thumb Code     0  entry8b.o(.ARM.Collect$$$$0000000A)
    _main_init                               0x0800018d   Thumb Code     0  entry9a.o(.ARM.Collect$$$$0000000B)
    __rt_final_cpp                           0x08000195   Thumb Code     0  entry10a.o(.ARM.Collect$$$$0000000D)
    __rt_final_exit                          0x08000195   Thumb Code     0  entry11a.o(.ARM.Collect$$$$0000000F)
    Reset_Handler                            0x08000199   Thumb Code     8  startup_stm32f2xx.o(.text)
    NMI_Handler                              0x080001a1   Thumb Code     2  startup_stm32f2xx.o(.text)
    HardFault_Handler                        0x080001a3   Thumb Code     2  startup_stm32f2xx.o(.text)
    MemManage_Handler                        0x080001a5   Thumb Code     2  startup_stm32f2xx.o(.text)
    BusFault_Handler                         0x080001a7   Thumb Code     2  startup_stm32f2xx.o(.text)
    UsageFault_Handler                       0x080001a9   Thumb Code     2  startup_stm32f2xx.o(.text)
    SVC_Handler                              0x080001ab   Thumb Code     2  startup_stm32f2xx.o(.text)
    DebugMon_Handler                         0x080001ad   Thumb Code     2  startup_stm32f2xx.o(.text)
    PendSV_Handler                           0x080001af   Thumb Code     2  startup_stm32f2xx.o(.text)
    ADC_IRQHandler                           0x080001b3   Thumb Code     0  startup_stm32f2xx.o(.text)
    CAN1_RX0_IRQHandler                      0x080001b3   Thumb Code     0  startup_stm32f2xx.o(.text)
    CAN1_RX1_IRQHandler                      0x080001b3   Thumb Code     0  startup_stm32f2xx.o(.text)
    CAN1_SCE_IRQHandler                      0x080001b3   Thumb Code     0  startup_stm32f2xx.o(.text)
    CAN1_TX_IRQHandler                       0x080001b3   Thumb Code     0  startup_stm32f2xx.o(.text)
    CAN2_RX0_IRQHandler                      0x080001b3   Thumb Code     0  startup_stm32f2xx.o(.text)
    CAN2_RX1_IRQHandler                      0x080001b3   Thumb Code     0  startup_stm32f2xx.o(.text)
    CAN2_SCE_IRQHandler                      0x080001b3   Thumb Code     0  startup_stm32f2xx.o(.text)
    CAN2_TX_IRQHandler                       0x080001b3   Thumb Code     0  startup_stm32f2xx.o(.text)
    CRYP_IRQHandler                          0x080001b3   Thumb Code     0  startup_stm32f2xx.o(.text)
    DCMI_IRQHandler                          0x080001b3   Thumb Code     0  startup_stm32f2xx.o(.text)
    DMA1_Stream0_IRQHandler                  0x080001b3   Thumb Code     0  startup_stm32f2xx.o(.text)
    DMA1_Stream1_IRQHandler                  0x080001b3   Thumb Code     0  startup_stm32f2xx.o(.text)
    DMA1_Stream2_IRQHandler                  0x080001b3   Thumb Code     0  startup_stm32f2xx.o(.text)
    DMA1_Stream3_IRQHandler                  0x080001b3   Thumb Code     0  startup_stm32f2xx.o(.text)
    DMA1_Stream4_IRQHandler                  0x080001b3   Thumb Code     0  startup_stm32f2xx.o(.text)
    DMA1_Stream5_IRQHandler                  0x080001b3   Thumb Code     0  startup_stm32f2xx.o(.text)
    DMA1_Stream6_IRQHandler                  0x080001b3   Thumb Code     0  startup_stm32f2xx.o(.text)
    DMA1_Stream7_IRQHandler                  0x080001b3   Thumb Code     0  startup_stm32f2xx.o(.text)
    DMA2_Stream0_IRQHandler                  0x080001b3   Thumb Code     0  startup_stm32f2xx.o(.text)
    DMA2_Stream1_IRQHandler                  0x080001b3   Thumb Code     0  startup_stm32f2xx.o(.text)
    DMA2_Stream2_IRQHandler                  0x080001b3   Thumb Code     0  startup_stm32f2xx.o(.text)
    DMA2_Stream3_IRQHandler                  0x080001b3   Thumb Code     0  startup_stm32f2xx.o(.text)
    DMA2_Stream4_IRQHandler                  0x080001b3   Thumb Code     0  startup_stm32f2xx.o(.text)
    DMA2_Stream5_IRQHandler                  0x080001b3   Thumb Code     0  startup_stm32f2xx.o(.text)
    DMA2_Stream6_IRQHandler                  0x080001b3   Thumb Code     0  startup_stm32f2xx.o(.text)
    DMA2_Stream7_IRQHandler                  0x080001b3   Thumb Code     0  startup_stm32f2xx.o(.text)
    ETH_IRQHandler                           0x080001b3   Thumb Code     0  startup_stm32f2xx.o(.text)
    ETH_WKUP_IRQHandler                      0x080001b3   Thumb Code     0  startup_stm32f2xx.o(.text)
    EXTI0_IRQHandler                         0x080001b3   Thumb Code     0  startup_stm32f2xx.o(.text)
    EXTI15_10_IRQHandler                     0x080001b3   Thumb Code     0  startup_stm32f2xx.o(.text)
    EXTI1_IRQHandler                         0x080001b3   Thumb Code     0  startup_stm32f2xx.o(.text)
    EXTI2_IRQHandler                         0x080001b3   Thumb Code     0  startup_stm32f2xx.o(.text)
    EXTI3_IRQHandler                         0x080001b3   Thumb Code     0  startup_stm32f2xx.o(.text)
    EXTI4_IRQHandler                         0x080001b3   Thumb Code     0  startup_stm32f2xx.o(.text)
    EXTI9_5_IRQHandler                       0x080001b3   Thumb Code     0  startup_stm32f2xx.o(.text)
    FLASH_IRQHandler                         0x080001b3   Thumb Code     0  startup_stm32f2xx.o(.text)
    FSMC_IRQHandler                          0x080001b3   Thumb Code     0  startup_stm32f2xx.o(.text)
    HASH_RNG_IRQHandler                      0x080001b3   Thumb Code     0  startup_stm32f2xx.o(.text)
    I2C1_ER_IRQHandler                       0x080001b3   Thumb Code     0  startup_stm32f2xx.o(.text)
    I2C1_EV_IRQHandler                       0x080001b3   Thumb Code     0  startup_stm32f2xx.o(.text)
    I2C2_ER_IRQHandler                       0x080001b3   Thumb Code     0  startup_stm32f2xx.o(.text)
    I2C2_EV_IRQHandler                       0x080001b3   Thumb Code     0  startup_stm32f2xx.o(.text)
    I2C3_ER_IRQHandler                       0x080001b3   Thumb Code     0  startup_stm32f2xx.o(.text)
    I2C3_EV_IRQHandler                       0x080001b3   Thumb Code     0  startup_stm32f2xx.o(.text)
    OTG_FS_IRQHandler                        0x080001b3   Thumb Code     0  startup_stm32f2xx.o(.text)
    OTG_FS_WKUP_IRQHandler                   0x080001b3   Thumb Code     0  startup_stm32f2xx.o(.text)
    OTG_HS_EP1_IN_IRQHandler                 0x080001b3   Thumb Code     0  startup_stm32f2xx.o(.text)
    OTG_HS_EP1_OUT_IRQHandler                0x080001b3   Thumb Code     0  startup_stm32f2xx.o(.text)
    OTG_HS_IRQHandler                        0x080001b3   Thumb Code     0  startup_stm32f2xx.o(.text)
    OTG_HS_WKUP_IRQHandler                   0x080001b3   Thumb Code     0  startup_stm32f2xx.o(.text)
    PVD_IRQHandler                           0x080001b3   Thumb Code     0  startup_stm32f2xx.o(.text)
    RCC_IRQHandler                           0x080001b3   Thumb Code     0  startup_stm32f2xx.o(.text)
    RTC_Alarm_IRQHandler                     0x080001b3   Thumb Code     0  startup_stm32f2xx.o(.text)
    RTC_WKUP_IRQHandler                      0x080001b3   Thumb Code     0  startup_stm32f2xx.o(.text)
    SDIO_IRQHandler                          0x080001b3   Thumb Code     0  startup_stm32f2xx.o(.text)
    SPI1_IRQHandler                          0x080001b3   Thumb Code     0  startup_stm32f2xx.o(.text)
    SPI2_IRQHandler                          0x080001b3   Thumb Code     0  startup_stm32f2xx.o(.text)
    SPI3_IRQHandler                          0x080001b3   Thumb Code     0  startup_stm32f2xx.o(.text)
    TAMP_STAMP_IRQHandler                    0x080001b3   Thumb Code     0  startup_stm32f2xx.o(.text)
    TIM1_BRK_TIM9_IRQHandler                 0x080001b3   Thumb Code     0  startup_stm32f2xx.o(.text)
    TIM1_CC_IRQHandler                       0x080001b3   Thumb Code     0  startup_stm32f2xx.o(.text)
    TIM1_TRG_COM_TIM11_IRQHandler            0x080001b3   Thumb Code     0  startup_stm32f2xx.o(.text)
    TIM1_UP_TIM10_IRQHandler                 0x080001b3   Thumb Code     0  startup_stm32f2xx.o(.text)
    TIM2_IRQHandler                          0x080001b3   Thumb Code     0  startup_stm32f2xx.o(.text)
    TIM3_IRQHandler                          0x080001b3   Thumb Code     0  startup_stm32f2xx.o(.text)
    TIM4_IRQHandler                          0x080001b3   Thumb Code     0  startup_stm32f2xx.o(.text)
    TIM5_IRQHandler                          0x080001b3   Thumb Code     0  startup_stm32f2xx.o(.text)
    TIM6_DAC_IRQHandler                      0x080001b3   Thumb Code     0  startup_stm32f2xx.o(.text)
    TIM7_IRQHandler                          0x080001b3   Thumb Code     0  startup_stm32f2xx.o(.text)
    TIM8_BRK_TIM12_IRQHandler                0x080001b3   Thumb Code     0  startup_stm32f2xx.o(.text)
    TIM8_CC_IRQHandler                       0x080001b3   Thumb Code     0  startup_stm32f2xx.o(.text)
    TIM8_TRG_COM_TIM14_IRQHandler            0x080001b3   Thumb Code     0  startup_stm32f2xx.o(.text)
    TIM8_UP_TIM13_IRQHandler                 0x080001b3   Thumb Code     0  startup_stm32f2xx.o(.text)
    UART4_IRQHandler                         0x080001b3   Thumb Code     0  startup_stm32f2xx.o(.text)
    UART5_IRQHandler                         0x080001b3   Thumb Code     0  startup_stm32f2xx.o(.text)
    USART1_IRQHandler                        0x080001b3   Thumb Code     0  startup_stm32f2xx.o(.text)
    USART2_IRQHandler                        0x080001b3   Thumb Code     0  startup_stm32f2xx.o(.text)
    USART6_IRQHandler                        0x080001b3   Thumb Code     0  startup_stm32f2xx.o(.text)
    WWDG_IRQHandler                          0x080001b3   Thumb Code     0  startup_stm32f2xx.o(.text)
    __rt_ctype_table                         0x080001bd   Thumb Code     4  ctype_o.o(.text)
    __aeabi_memcpy                           0x080001c5   Thumb Code    36  memcpya.o(.text)
    __aeabi_memcpy4                          0x080001c5   Thumb Code     0  memcpya.o(.text)
    __aeabi_memcpy8                          0x080001c5   Thumb Code     0  memcpya.o(.text)
    strncpy                                  0x080001e9   Thumb Code    24  strncpy.o(.text)
    memcmp                                   0x08000201   Thumb Code    26  memcmp.o(.text)
    strcpy                                   0x0800021b   Thumb Code    18  strcpy.o(.text)
    calloc                                   0x0800022d   Thumb Code    28  calloc.o(.text)
    strtoul                                  0x08000249   Thumb Code   114  strtoul.o(.text)
    __aeabi_uldivmod                         0x080002bb   Thumb Code    98  uldiv.o(.text)
    _strtoul                                 0x0800031d   Thumb Code   158  _strtoul.o(.text)
    __scatterload                            0x080003bd   Thumb Code    28  init.o(.text)
    __scatterload_rt2                        0x080003bd   Thumb Code     0  init.o(.text)
    __aeabi_llsl                             0x080003e1   Thumb Code    30  llshl.o(.text)
    _ll_shift_l                              0x080003e1   Thumb Code     0  llshl.o(.text)
    __aeabi_llsr                             0x080003ff   Thumb Code    32  llushr.o(.text)
    _ll_ushift_r                             0x080003ff   Thumb Code     0  llushr.o(.text)
    _chval                                   0x0800041f   Thumb Code    28  _chval.o(.text)
    App_Init                                 0x0800043d   Thumb Code    46  main.o(i.App_Init)
    CAN_DeInit                               0x08000499   Thumb Code    50  stm32f2xx_can.o(i.CAN_DeInit)
    CAN_FilterInit                           0x080004d1   Thumb Code   258  stm32f2xx_can.o(i.CAN_FilterInit)
    CAN_Init                                 0x080005d9   Thumb Code   276  stm32f2xx_can.o(i.CAN_Init)
    CAN_MessagePending                       0x080006ed   Thumb Code    30  stm32f2xx_can.o(i.CAN_MessagePending)
    CAN_Receive                              0x0800070b   Thumb Code   240  stm32f2xx_can.o(i.CAN_Receive)
    CAN_StructInit                           0x080007fb   Thumb Code    32  stm32f2xx_can.o(i.CAN_StructInit)
    CAN_Transmit                             0x0800081b   Thumb Code   294  stm32f2xx_can.o(i.CAN_Transmit)
    CRC_CalcBlockCRC                         0x08000941   Thumb Code    32  stm32f2xx_crc.o(i.CRC_CalcBlockCRC)
    CRC_ResetDR                              0x08000965   Thumb Code     8  stm32f2xx_crc.o(i.CRC_ResetDR)
    CanHexMessage                            0x08000971   Thumb Code    44  main.o(i.CanHexMessage)
    CanHexProg                               0x080009a9   Thumb Code   244  main.o(i.CanHexProg)
    DMA_Cmd                                  0x08000ab1   Thumb Code    22  stm32f2xx_dma.o(i.DMA_Cmd)
    DMA_Configuration                        0x08000ac9   Thumb Code   168  usart.o(i.DMA_Configuration)
    DMA_DeInit                               0x08000b79   Thumb Code   324  stm32f2xx_dma.o(i.DMA_DeInit)
    DMA_Init                                 0x08000cd1   Thumb Code    82  stm32f2xx_dma.o(i.DMA_Init)
    DMA_StructInit                           0x08000d29   Thumb Code    34  stm32f2xx_dma.o(i.DMA_StructInit)
    FLASH_ClearFlag                          0x08000d4d   Thumb Code     6  stm32f2xx_flash.o(i.FLASH_ClearFlag)
    FLASH_EraseSector                        0x08000d59   Thumb Code   130  stm32f2xx_flash.o(i.FLASH_EraseSector)
    FLASH_GetStatus                          0x08000de1   Thumb Code    66  stm32f2xx_flash.o(i.FLASH_GetStatus)
    FLASH_Lock                               0x08000e29   Thumb Code    14  stm32f2xx_flash.o(i.FLASH_Lock)
    FLASH_OB_GetRDP                          0x08000e3d   Thumb Code    18  stm32f2xx_flash.o(i.FLASH_OB_GetRDP)
    FLASH_OB_Launch                          0x08000e55   Thumb Code    26  stm32f2xx_flash.o(i.FLASH_OB_Launch)
    FLASH_OB_Lock                            0x08000e75   Thumb Code    14  stm32f2xx_flash.o(i.FLASH_OB_Lock)
    FLASH_OB_RDPConfig                       0x08000e89   Thumb Code    22  stm32f2xx_flash.o(i.FLASH_OB_RDPConfig)
    FLASH_OB_Unlock                          0x08000ea5   Thumb Code    24  stm32f2xx_flash.o(i.FLASH_OB_Unlock)
    FLASH_ProgramWord                        0x08000ec9   Thumb Code    74  stm32f2xx_flash.o(i.FLASH_ProgramWord)
    FLASH_Unlock                             0x08000f19   Thumb Code    24  stm32f2xx_flash.o(i.FLASH_Unlock)
    FLASH_WaitForLastOperation               0x08000f3d   Thumb Code    34  stm32f2xx_flash.o(i.FLASH_WaitForLastOperation)
    FileHexProg                              0x08000f61   Thumb Code   132  main.o(i.FileHexProg)
    FlashErase                               0x08000ff9   Thumb Code    96  main.o(i.FlashErase)
    FlashProgram32                           0x08001059   Thumb Code    70  main.o(i.FlashProgram32)
    GPIO_Init                                0x080010a5   Thumb Code   144  stm32f2xx_gpio.o(i.GPIO_Init)
    GPIO_PinAFConfig                         0x08001135   Thumb Code    70  stm32f2xx_gpio.o(i.GPIO_PinAFConfig)
    GPIO_SetBits                             0x0800117b   Thumb Code     4  stm32f2xx_gpio.o(i.GPIO_SetBits)
    GPIO_StructInit                          0x0800117f   Thumb Code    18  stm32f2xx_gpio.o(i.GPIO_StructInit)
    GPIO_ToggleBits                          0x08001191   Thumb Code     8  stm32f2xx_gpio.o(i.GPIO_ToggleBits)
    HexChecksumError                         0x08001199   Thumb Code    40  main.o(i.HexChecksumError)
    IWDG_Enable                              0x080011c1   Thumb Code    10  stm32f2xx_iwdg.o(i.IWDG_Enable)
    IWDG_GetFlagStatus                       0x080011d1   Thumb Code    20  stm32f2xx_iwdg.o(i.IWDG_GetFlagStatus)
    IWDG_ReloadCounter                       0x080011e9   Thumb Code    10  stm32f2xx_iwdg.o(i.IWDG_ReloadCounter)
    IWDG_SetPrescaler                        0x080011f9   Thumb Code     6  stm32f2xx_iwdg.o(i.IWDG_SetPrescaler)
    IWDG_SetReload                           0x08001205   Thumb Code     6  stm32f2xx_iwdg.o(i.IWDG_SetReload)
    IWDG_WriteAccessCmd                      0x08001211   Thumb Code     6  stm32f2xx_iwdg.o(i.IWDG_WriteAccessCmd)
    Initialize_CAN                           0x0800121d   Thumb Code   328  main.o(i.Initialize_CAN)
    Initialize_USART                         0x0800136d   Thumb Code   350  usart.o(i.Initialize_USART)
    NVIC_Init                                0x080014f1   Thumb Code   106  misc.o(i.NVIC_Init)
    NVIC_PriorityGroupConfig                 0x08001569   Thumb Code    10  misc.o(i.NVIC_PriorityGroupConfig)
    NVIC_SetVectorTable                      0x0800157d   Thumb Code    12  misc.o(i.NVIC_SetVectorTable)
    ParseCAN                                 0x08001591   Thumb Code   460  main.o(i.ParseCAN)
    ParseCOM                                 0x08001789   Thumb Code   338  serial.o(i.ParseCOM)
    RCC_AHB1PeriphClockCmd                   0x0800194d   Thumb Code    26  stm32f2xx_rcc.o(i.RCC_AHB1PeriphClockCmd)
    RCC_APB1PeriphClockCmd                   0x0800196d   Thumb Code    26  stm32f2xx_rcc.o(i.RCC_APB1PeriphClockCmd)
    RCC_APB1PeriphResetCmd                   0x0800198d   Thumb Code    26  stm32f2xx_rcc.o(i.RCC_APB1PeriphResetCmd)
    RCC_APB2PeriphClockCmd                   0x080019ad   Thumb Code    26  stm32f2xx_rcc.o(i.RCC_APB2PeriphClockCmd)
    RCC_ClearFlag                            0x080019cd   Thumb Code    14  stm32f2xx_rcc.o(i.RCC_ClearFlag)
    RCC_GetClocksFreq                        0x080019e1   Thumb Code   214  stm32f2xx_rcc.o(i.RCC_GetClocksFreq)
    RCC_GetFlagStatus                        0x08001ac9   Thumb Code    60  stm32f2xx_rcc.o(i.RCC_GetFlagStatus)
    SendAck                                  0x08001b09   Thumb Code    54  main.o(i.SendAck)
    SysTick_Handler                          0x08001c21   Thumb Code    12  main.o(i.SysTick_Handler)
    SysTick_init                             0x08001c31   Thumb Code    70  main.o(i.SysTick_init)
    SystemInit                               0x08001c79   Thumb Code    66  system_stm32f2xx.o(i.SystemInit)
    USART3_IRQHandler                        0x08001cc9   Thumb Code   110  usart.o(i.USART3_IRQHandler)
    USART_ClearITPendingBit                  0x08001d41   Thumb Code    30  stm32f2xx_usart.o(i.USART_ClearITPendingBit)
    USART_ClockInit                          0x08001d5f   Thumb Code    32  stm32f2xx_usart.o(i.USART_ClockInit)
    USART_Cmd                                0x08001d7f   Thumb Code    24  stm32f2xx_usart.o(i.USART_Cmd)
    USART_DMACmd                             0x08001d97   Thumb Code    18  stm32f2xx_usart.o(i.USART_DMACmd)
    USART_GetFlagStatus                      0x08001da9   Thumb Code    26  stm32f2xx_usart.o(i.USART_GetFlagStatus)
    USART_ITConfig                           0x08001dc3   Thumb Code    74  stm32f2xx_usart.o(i.USART_ITConfig)
    USART_Init                               0x08001e0d   Thumb Code   204  stm32f2xx_usart.o(i.USART_Init)
    USART_ReceiveData                        0x08001ee1   Thumb Code    10  stm32f2xx_usart.o(i.USART_ReceiveData)
    USART_SendData                           0x08001eeb   Thumb Code     8  stm32f2xx_usart.o(i.USART_SendData)
    Watchdog                                 0x08001ef3   Thumb Code    22  main.o(i.Watchdog)
    Watchdog_init                            0x08001f09   Thumb Code    52  main.o(i.Watchdog_init)
    __0printf$8                              0x08001f3d   Thumb Code    22  printf8.o(i.__0printf$8)
    __1printf$8                              0x08001f3d   Thumb Code     0  printf8.o(i.__0printf$8)
    __2printf                                0x08001f3d   Thumb Code     0  printf8.o(i.__0printf$8)
    __App_Loop                               0x08001f5d   Thumb Code    94  main.o(i.__App_Loop)
    __aeabi_errno_addr                       0x08002035   Thumb Code     4  errno.o(i.__aeabi_errno_addr)
    __rt_errno_addr                          0x08002035   Thumb Code     0  errno.o(i.__aeabi_errno_addr)
    __get                                    0x0800203d   Thumb Code    30  io.o(i.__get)
    __getDMA                                 0x0800205d   Thumb Code    56  usart.o(i.__getDMA)
    __put                                    0x08002099   Thumb Code    28  io.o(i.__put)
    __putDMA                                 0x080020b5   Thumb Code   142  usart.o(i.__putDMA)
    __putISR                                 0x0800214d   Thumb Code    52  usart.o(i.__putISR)
    __scatterload_copy                       0x08002185   Thumb Code    14  handlers.o(i.__scatterload_copy)
    __scatterload_null                       0x08002193   Thumb Code     2  handlers.o(i.__scatterload_null)
    __scatterload_zeroinit                   0x08002195   Thumb Code    14  handlers.o(i.__scatterload_zeroinit)
    _buffer_init                             0x080021a3   Thumb Code    44  io.o(i._buffer_init)
    _buffer_pull                             0x080021cf   Thumb Code    56  io.o(i._buffer_pull)
    _buffer_push                             0x08002207   Thumb Code    62  io.o(i._buffer_push)
    _io_init                                 0x08002245   Thumb Code    58  io.o(i._io_init)
    cgets                                    0x080026ed   Thumb Code   190  serial.o(i.cgets)
    clust2sect                               0x08002b29   Thumb Code    26  ff.o(i.clust2sect)
    crcError                                 0x08002bd5   Thumb Code    72  main.o(i.crcError)
    crcSIGN                                  0x08002c21   Thumb Code   136  main.o(i.crcSIGN)
    disk_initialize                          0x08003151   Thumb Code    18  diskio.o(i.disk_initialize)
    disk_read                                0x08003165   Thumb Code    98  diskio.o(i.disk_read)
    disk_status                              0x080031cd   Thumb Code     6  diskio.o(i.disk_status)
    f_close                                  0x080031d3   Thumb Code    22  ff.o(i.f_close)
    f_gets                                   0x080031e9   Thumb Code    78  ff.o(i.f_gets)
    f_mount                                  0x08003239   Thumb Code    38  ff.o(i.f_mount)
    f_open                                   0x08003265   Thumb Code   140  ff.o(i.f_open)
    f_read                                   0x080032f1   Thumb Code   378  ff.o(i.f_read)
    ff_convert                               0x0800346d   Thumb Code    70  ccsbcs.o(i.ff_convert)
    ff_wtoupper                              0x080034b9   Thumb Code    46  ccsbcs.o(i.ff_wtoupper)
    fgetc                                    0x080034f1   Thumb Code    64  usart.o(i.fgetc)
    fputc                                    0x080035e9   Thumb Code    54  usart.o(i.fputc)
    get_fat                                  0x08003629   Thumb Code   228  ff.o(i.get_fat)
    getc                                     0x0800370d   Thumb Code     4  getc.o(i.getc)
    main                                     0x08003731   Thumb Code   192  main.o(i.main)
    malloc                                   0x08003801   Thumb Code    92  malloc.o(i.malloc)
    str2hex                                  0x080038e9   Thumb Code    38  main.o(i.str2hex)
    __ctype_table                            0x08003eb0   Data         129  ctype_o.o(.constdata)
    Region$$Table$$Base                      0x08003f38   Number         0  anon$$obj.o(Region$$Table)
    Region$$Table$$Limit                     0x08003f58   Number         0  anon$$obj.o(Region$$Table)
    _Words32Received                         0x20000000   Data           4  main.o(.data)
    _minAddress                              0x20000004   Data           4  main.o(.data)
    _timeout                                 0x20000008   Data           4  main.o(.data)
    tx                                       0x2000000c   Data          20  main.o(.data)
    App_Loop                                 0x20000020   Data           4  main.o(.data)
    __time__                                 0x20000024   Data           4  main.o(.data)
    __com1                                   0x2000003c   Data           4  usart.o(.data)
    __com3                                   0x20000040   Data           4  usart.o(.data)
    __stdin                                  0x20000064   Data           4  stdin.o(.data)
    __stdout                                 0x20000068   Data           4  stdout.o(.data)
    __microlib_freelist                      0x20000070   Data           4  mvars.o(.data)
    __microlib_freelist_initialised          0x20000074   Data           4  mvars.o(.data)
    _Iap_string                              0x20000078   Data         128  main.o(.bss)
    __heap_base                              0x200000f8   Data           0  startup_stm32f2xx.o(HEAP)
    __heap_limit                             0x200030f8   Data           0  startup_stm32f2xx.o(HEAP)
    __initial_sp                             0x200050f8   Data           0  startup_stm32f2xx.o(STACK)



==============================================================================

Memory Map of the image

  Image Entry point : 0x08000185

  Load Region LR_IROM1 (Base: 0x08000000, Size: 0x00003fd0, Max: 0x00100000, ABSOLUTE)

    Execution Region ER_IROM1 (Base: 0x08000000, Size: 0x00003f58, Max: 0x00100000, ABSOLUTE)

    Base Addr    Size         Type   Attr      Idx    E Section Name        Object

    0x08000000   0x00000184   Data   RO         1765    RESET               startup_stm32f2xx.o
    0x08000184   0x00000000   Code   RO         2126  * .ARM.Collect$$$$00000000  mc_w.l(entry.o)
    0x08000184   0x00000004   Code   RO         2440    .ARM.Collect$$$$00000001  mc_w.l(entry2.o)
    0x08000188   0x00000004   Code   RO         2443    .ARM.Collect$$$$00000004  mc_w.l(entry5.o)
    0x0800018c   0x00000000   Code   RO         2445    .ARM.Collect$$$$00000008  mc_w.l(entry7b.o)
    0x0800018c   0x00000000   Code   RO         2447    .ARM.Collect$$$$0000000A  mc_w.l(entry8b.o)
    0x0800018c   0x00000008   Code   RO         2448    .ARM.Collect$$$$0000000B  mc_w.l(entry9a.o)
    0x08000194   0x00000000   Code   RO         2450    .ARM.Collect$$$$0000000D  mc_w.l(entry10a.o)
    0x08000194   0x00000000   Code   RO         2452    .ARM.Collect$$$$0000000F  mc_w.l(entry11a.o)
    0x08000194   0x00000004   Code   RO         2441    .ARM.Collect$$$$00002712  mc_w.l(entry2.o)
    0x08000198   0x00000024   Code   RO         1766    .text               startup_stm32f2xx.o
    0x080001bc   0x00000008   Code   RO         2133    .text               mc_w.l(ctype_o.o)
    0x080001c4   0x00000024   Code   RO         2161    .text               mc_w.l(memcpya.o)
    0x080001e8   0x00000018   Code   RO         2163    .text               mc_w.l(strncpy.o)
    0x08000200   0x0000001a   Code   RO         2167    .text               mc_w.l(memcmp.o)
    0x0800021a   0x00000012   Code   RO         2169    .text               mc_w.l(strcpy.o)
    0x0800022c   0x0000001c   Code   RO         2434    .text               mc_w.l(calloc.o)
    0x08000248   0x00000072   Code   RO         2436    .text               mc_w.l(strtoul.o)
    0x080002ba   0x00000062   Code   RO         2456    .text               mc_w.l(uldiv.o)
    0x0800031c   0x0000009e   Code   RO         2493    .text               mc_w.l(_strtoul.o)
    0x080003ba   0x00000002   PAD
    0x080003bc   0x00000024   Code   RO         2508    .text               mc_w.l(init.o)
    0x080003e0   0x0000001e   Code   RO         2510    .text               mc_w.l(llshl.o)
    0x080003fe   0x00000020   Code   RO         2512    .text               mc_w.l(llushr.o)
    0x0800041e   0x0000001c   Code   RO         2518    .text               mc_w.l(_chval.o)
    0x0800043a   0x00000002   PAD
    0x0800043c   0x0000005c   Code   RO            4    i.App_Init          main.o
    0x08000498   0x00000038   Code   RO          539    i.CAN_DeInit        stm32f2xx_can.o
    0x080004d0   0x00000108   Code   RO          541    i.CAN_FilterInit    stm32f2xx_can.o
    0x080005d8   0x00000114   Code   RO          548    i.CAN_Init          stm32f2xx_can.o
    0x080006ec   0x0000001e   Code   RO          549    i.CAN_MessagePending  stm32f2xx_can.o
    0x0800070a   0x000000f0   Code   RO          551    i.CAN_Receive       stm32f2xx_can.o
    0x080007fa   0x00000020   Code   RO          554    i.CAN_StructInit    stm32f2xx_can.o
    0x0800081a   0x00000126   Code   RO          556    i.CAN_Transmit      stm32f2xx_can.o
    0x08000940   0x00000024   Code   RO          702    i.CRC_CalcBlockCRC  stm32f2xx_crc.o
    0x08000964   0x0000000c   Code   RO          706    i.CRC_ResetDR       stm32f2xx_crc.o
    0x08000970   0x00000038   Code   RO            5    i.CanHexMessage     main.o
    0x080009a8   0x00000108   Code   RO            6    i.CanHexProg        main.o
    0x08000ab0   0x00000016   Code   RO         1636    i.DMA_Cmd           stm32f2xx_dma.o
    0x08000ac6   0x00000002   PAD
    0x08000ac8   0x000000b0   Code   RO          352    i.DMA_Configuration  usart.o
    0x08000b78   0x00000158   Code   RO         1637    i.DMA_DeInit        stm32f2xx_dma.o
    0x08000cd0   0x00000058   Code   RO         1648    i.DMA_Init          stm32f2xx_dma.o
    0x08000d28   0x00000022   Code   RO         1652    i.DMA_StructInit    stm32f2xx_dma.o
    0x08000d4a   0x00000002   PAD
    0x08000d4c   0x0000000c   Code   RO         1388    i.FLASH_ClearFlag   stm32f2xx_flash.o
    0x08000d58   0x00000088   Code   RO         1392    i.FLASH_EraseSector  stm32f2xx_flash.o
    0x08000de0   0x00000048   Code   RO         1394    i.FLASH_GetStatus   stm32f2xx_flash.o
    0x08000e28   0x00000014   Code   RO         1398    i.FLASH_Lock        stm32f2xx_flash.o
    0x08000e3c   0x00000018   Code   RO         1401    i.FLASH_OB_GetRDP   stm32f2xx_flash.o
    0x08000e54   0x00000020   Code   RO         1404    i.FLASH_OB_Launch   stm32f2xx_flash.o
    0x08000e74   0x00000014   Code   RO         1405    i.FLASH_OB_Lock     stm32f2xx_flash.o
    0x08000e88   0x0000001c   Code   RO         1406    i.FLASH_OB_RDPConfig  stm32f2xx_flash.o
    0x08000ea4   0x00000024   Code   RO         1407    i.FLASH_OB_Unlock   stm32f2xx_flash.o
    0x08000ec8   0x00000050   Code   RO         1414    i.FLASH_ProgramWord  stm32f2xx_flash.o
    0x08000f18   0x00000024   Code   RO         1416    i.FLASH_Unlock      stm32f2xx_flash.o
    0x08000f3c   0x00000022   Code   RO         1417    i.FLASH_WaitForLastOperation  stm32f2xx_flash.o
    0x08000f5e   0x00000002   PAD
    0x08000f60   0x00000098   Code   RO            8    i.FileHexProg       main.o
    0x08000ff8   0x00000060   Code   RO            9    i.FlashErase        main.o
    0x08001058   0x0000004c   Code   RO           10    i.FlashProgram32    main.o
    0x080010a4   0x00000090   Code   RO          757    i.GPIO_Init         stm32f2xx_gpio.o
    0x08001134   0x00000046   Code   RO          758    i.GPIO_PinAFConfig  stm32f2xx_gpio.o
    0x0800117a   0x00000004   Code   RO          765    i.GPIO_SetBits      stm32f2xx_gpio.o
    0x0800117e   0x00000012   Code   RO          766    i.GPIO_StructInit   stm32f2xx_gpio.o
    0x08001190   0x00000008   Code   RO          767    i.GPIO_ToggleBits   stm32f2xx_gpio.o
    0x08001198   0x00000028   Code   RO           11    i.HexChecksumError  main.o
    0x080011c0   0x00000010   Code   RO          858    i.IWDG_Enable       stm32f2xx_iwdg.o
    0x080011d0   0x00000018   Code   RO          859    i.IWDG_GetFlagStatus  stm32f2xx_iwdg.o
    0x080011e8   0x00000010   Code   RO          860    i.IWDG_ReloadCounter  stm32f2xx_iwdg.o
    0x080011f8   0x0000000c   Code   RO          861    i.IWDG_SetPrescaler  stm32f2xx_iwdg.o
    0x08001204   0x0000000c   Code   RO          862    i.IWDG_SetReload    stm32f2xx_iwdg.o
    0x08001210   0x0000000c   Code   RO          863    i.IWDG_WriteAccessCmd  stm32f2xx_iwdg.o
    0x0800121c   0x00000150   Code   RO           12    i.Initialize_CAN    main.o
    0x0800136c   0x00000184   Code   RO          353    i.Initialize_USART  usart.o
    0x080014f0   0x00000078   Code   RO         1586    i.NVIC_Init         misc.o
    0x08001568   0x00000014   Code   RO         1587    i.NVIC_PriorityGroupConfig  misc.o
    0x0800157c   0x00000014   Code   RO         1588    i.NVIC_SetVectorTable  misc.o
    0x08001590   0x000001f8   Code   RO           13    i.ParseCAN          main.o
    0x08001788   0x000001c4   Code   RO          298    i.ParseCOM          serial.o
    0x0800194c   0x00000020   Code   RO          912    i.RCC_AHB1PeriphClockCmd  stm32f2xx_rcc.o
    0x0800196c   0x00000020   Code   RO          921    i.RCC_APB1PeriphClockCmd  stm32f2xx_rcc.o
    0x0800198c   0x00000020   Code   RO          923    i.RCC_APB1PeriphResetCmd  stm32f2xx_rcc.o
    0x080019ac   0x00000020   Code   RO          924    i.RCC_APB2PeriphClockCmd  stm32f2xx_rcc.o
    0x080019cc   0x00000014   Code   RO          929    i.RCC_ClearFlag     stm32f2xx_rcc.o
    0x080019e0   0x000000e8   Code   RO          933    i.RCC_GetClocksFreq  stm32f2xx_rcc.o
    0x08001ac8   0x00000040   Code   RO          934    i.RCC_GetFlagStatus  stm32f2xx_rcc.o
    0x08001b08   0x0000004c   Code   RO           14    i.SendAck           main.o
    0x08001b54   0x000000cc   Code   RO         1773    i.SetSysClock       system_stm32f2xx.o
    0x08001c20   0x00000010   Code   RO           15    i.SysTick_Handler   main.o
    0x08001c30   0x00000046   Code   RO           16    i.SysTick_init      main.o
    0x08001c76   0x00000002   PAD
    0x08001c78   0x00000050   Code   RO         1775    i.SystemInit        system_stm32f2xx.o
    0x08001cc8   0x00000078   Code   RO          354    i.USART3_IRQHandler  usart.o
    0x08001d40   0x0000001e   Code   RO         1197    i.USART_ClearITPendingBit  stm32f2xx_usart.o
    0x08001d5e   0x00000020   Code   RO         1198    i.USART_ClockInit   stm32f2xx_usart.o
    0x08001d7e   0x00000018   Code   RO         1200    i.USART_Cmd         stm32f2xx_usart.o
    0x08001d96   0x00000012   Code   RO         1201    i.USART_DMACmd      stm32f2xx_usart.o
    0x08001da8   0x0000001a   Code   RO         1203    i.USART_GetFlagStatus  stm32f2xx_usart.o
    0x08001dc2   0x0000004a   Code   RO         1206    i.USART_ITConfig    stm32f2xx_usart.o
    0x08001e0c   0x000000d4   Code   RO         1207    i.USART_Init        stm32f2xx_usart.o
    0x08001ee0   0x0000000a   Code   RO         1214    i.USART_ReceiveData  stm32f2xx_usart.o
    0x08001eea   0x00000008   Code   RO         1217    i.USART_SendData    stm32f2xx_usart.o
    0x08001ef2   0x00000016   Code   RO           17    i.Watchdog          main.o
    0x08001f08   0x00000034   Code   RO           18    i.Watchdog_init     main.o
    0x08001f3c   0x00000020   Code   RO         2380    i.__0printf$8       mc_w.l(printf8.o)
    0x08001f5c   0x00000070   Code   RO           19    i.__App_Loop        main.o
    0x08001fcc   0x00000028   Code   RO           20    i.__NVIC_SetPriority  main.o
    0x08001ff4   0x00000040   Code   RO           21    i.__NVIC_SystemReset  main.o
    0x08002034   0x00000008   Code   RO         2486    i.__aeabi_errno_addr  mc_w.l(errno.o)
    0x0800203c   0x0000001e   Code   RO          422    i.__get             io.o
    0x0800205a   0x00000002   PAD
    0x0800205c   0x0000003c   Code   RO          355    i.__getDMA          usart.o
    0x08002098   0x0000001c   Code   RO          423    i.__put             io.o
    0x080020b4   0x00000098   Code   RO          356    i.__putDMA          usart.o
    0x0800214c   0x00000038   Code   RO          357    i.__putISR          usart.o
    0x08002184   0x0000000e   Code   RO         2524    i.__scatterload_copy  mc_w.l(handlers.o)
    0x08002192   0x00000002   Code   RO         2525    i.__scatterload_null  mc_w.l(handlers.o)
    0x08002194   0x0000000e   Code   RO         2526    i.__scatterload_zeroinit  mc_w.l(handlers.o)
    0x080021a2   0x0000002c   Code   RO          426    i._buffer_init      io.o
    0x080021ce   0x00000038   Code   RO          427    i._buffer_pull      io.o
    0x08002206   0x0000003e   Code   RO          428    i._buffer_push      io.o
    0x08002244   0x00000044   Code   RO          429    i._io_init          io.o
    0x08002288   0x00000410   Code   RO         2387    i._printf_core      mc_w.l(printf8.o)
    0x08002698   0x00000024   Code   RO         2388    i._printf_post_padding  mc_w.l(printf8.o)
    0x080026bc   0x0000002e   Code   RO         2389    i._printf_pre_padding  mc_w.l(printf8.o)
    0x080026ea   0x00000002   PAD
    0x080026ec   0x000000dc   Code   RO          300    i.cgets             serial.o
    0x080027c8   0x00000090   Code   RO         1902    i.check_fs          ff.o
    0x08002858   0x00000014   Code   RO         1903    i.chk_chr           ff.o
    0x0800286c   0x000002bc   Code   RO         1904    i.chk_mounted       ff.o
    0x08002b28   0x0000001a   Code   RO         1905    i.clust2sect        ff.o
    0x08002b42   0x00000002   PAD
    0x08002b44   0x00000090   Code   RO         1906    i.cmp_lfn           ff.o
    0x08002bd4   0x0000004c   Code   RO           22    i.crcError          main.o
    0x08002c20   0x00000094   Code   RO           23    i.crcSIGN           main.o
    0x08002cb4   0x00000298   Code   RO         1907    i.create_name       ff.o
    0x08002f4c   0x000000de   Code   RO         1908    i.dir_find          ff.o
    0x0800302a   0x0000008a   Code   RO         1909    i.dir_next          ff.o
    0x080030b4   0x0000009c   Code   RO         1911    i.dir_sdi           ff.o
    0x08003150   0x00000012   Code   RO         1816    i.disk_initialize   diskio.o
    0x08003162   0x00000002   PAD
    0x08003164   0x00000068   Code   RO         1818    i.disk_read         diskio.o
    0x080031cc   0x00000006   Code   RO         1819    i.disk_status       diskio.o
    0x080031d2   0x00000016   Code   RO         1914    i.f_close           ff.o
    0x080031e8   0x0000004e   Code   RO         1916    i.f_gets            ff.o
    0x08003236   0x00000002   PAD
    0x08003238   0x0000002c   Code   RO         1918    i.f_mount           ff.o
    0x08003264   0x0000008c   Code   RO         1919    i.f_open            ff.o
    0x080032f0   0x0000017a   Code   RO         1921    i.f_read            ff.o
    0x0800346a   0x00000002   PAD
    0x0800346c   0x0000004c   Code   RO         2100    i.ff_convert        ccsbcs.o
    0x080034b8   0x00000038   Code   RO         2101    i.ff_wtoupper       ccsbcs.o
    0x080034f0   0x00000048   Code   RO          358    i.fgetc             usart.o
    0x08003538   0x000000ae   Code   RO         1924    i.follow_path       ff.o
    0x080035e6   0x00000002   PAD
    0x080035e8   0x00000040   Code   RO          359    i.fputc             usart.o
    0x08003628   0x000000e4   Code   RO         1926    i.get_fat           ff.o
    0x0800370c   0x00000004   Code   RO         2129    i.getc              mc_w.l(getc.o)
    0x08003710   0x00000020   Code   RO         1928    i.ld_clust          ff.o
    0x08003730   0x000000d0   Code   RO           24    i.main              main.o
    0x08003800   0x0000006c   Code   RO         2459    i.malloc            mc_w.l(malloc.o)
    0x0800386c   0x00000026   Code   RO         1929    i.mem_cmp           ff.o
    0x08003892   0x0000001a   Code   RO         1930    i.mem_cpy           ff.o
    0x080038ac   0x00000014   Code   RO         1931    i.mem_set           ff.o
    0x080038c0   0x00000028   Code   RO         1932    i.move_window       ff.o
    0x080038e8   0x00000026   Code   RO           25    i.str2hex           main.o
    0x0800390e   0x00000020   Code   RO         1934    i.sum_sfn           ff.o
    0x0800392e   0x00000034   Code   RO         1935    i.validate          ff.o
    0x08003962   0x0000008d   Data   RO         1936    .constdata          ff.o
    0x080039ef   0x00000001   PAD
    0x080039f0   0x000004c0   Data   RO         2102    .constdata          ccsbcs.o
    0x08003eb0   0x00000081   Data   RO         2134    .constdata          mc_w.l(ctype_o.o)
    0x08003f31   0x00000003   PAD
    0x08003f34   0x00000004   Data   RO         2135    .constdata          mc_w.l(ctype_o.o)
    0x08003f38   0x00000020   Data   RO         2522    Region$$Table       anon$$obj.o


    Execution Region RW_IRAM1 (Base: 0x20000000, Size: 0x000050f8, Max: 0x00020000, ABSOLUTE)

    Base Addr    Size         Type   Attr      Idx    E Section Name        Object

    0x20000000   0x0000003c   Data   RW           27    .data               main.o
    0x2000003c   0x0000000c   Data   RW          360    .data               usart.o
    0x20000048   0x00000010   Data   RW          956    .data               stm32f2xx_rcc.o
    0x20000058   0x0000000b   Data   RW         1937    .data               ff.o
    0x20000063   0x00000001   PAD
    0x20000064   0x00000004   Data   RW         2131    .data               mc_w.l(stdin.o)
    0x20000068   0x00000004   Data   RW         2132    .data               mc_w.l(stdout.o)
    0x2000006c   0x00000004   Data   RW         2489    .data               mc_w.l(errno.o)
    0x20000070   0x00000004   Data   RW         2516    .data               mc_w.l(mvars.o)
    0x20000074   0x00000004   Data   RW         2517    .data               mc_w.l(mvars.o)
    0x20000078   0x00000080   Zero   RW           26    .bss                main.o
    0x200000f8   0x00003000   Zero   RW         1764    HEAP                startup_stm32f2xx.o
    0x200030f8   0x00002000   Zero   RW         1763    STACK               startup_stm32f2xx.o


==============================================================================

Image component sizes


      Code (inc. data)   RO Data    RW Data    ZI Data      Debug   Object Name

       132         16       1216          0          0       2527   ccsbcs.o
       128          6          0          0          0       4360   diskio.o
      3518         56        141         11          0      21310   ff.o
       288         10          0          0          0       3624   io.o
      2538        262          0         60        128     312664   main.o
       160         32          0          0          0       2285   misc.o
       672        144          0          0          0      30550   serial.o
        36          8        388          0      20480        780   startup_stm32f2xx.o
      1192         12          0          0          0       5896   stm32f2xx_can.o
        48          8          0          0          0       1617   stm32f2xx_crc.o
       488         26          0          0          0       3843   stm32f2xx_dma.o
       530         78          0          0          0       7628   stm32f2xx_flash.o
       244          0          0          0          0       3666   stm32f2xx_gpio.o
        92         34          0          0          0       3327   stm32f2xx_iwdg.o
       444         52          0         16          0       6456   stm32f2xx_rcc.o
       434          8          0          0          0       6968   stm32f2xx_usart.o
       284         26          0          0          0       1465   system_stm32f2xx.o
      1088         92          0         12          0       5012   usart.o

    ----------------------------------------------------------------------
     12336        870       1778        100      20608     423978   Object Totals
         0          0         32          0          0          0   (incl. Generated)
        20          0          1          1          0          0   (incl. Padding)

    ----------------------------------------------------------------------

      Code (inc. data)   RO Data    RW Data    ZI Data      Debug   Library Member Name

        28          0          0          0          0         68   _chval.o
       158          0          0          0          0         92   _strtoul.o
        28          0          0          0          0         76   calloc.o
         8          4        133          0          0         68   ctype_o.o
         0          0          0          0          0          0   entry.o
         0          0          0          0          0          0   entry10a.o
         0          0          0          0          0          0   entry11a.o
         8          4          0          0          0          0   entry2.o
         4          0          0          0          0          0   entry5.o
         0          0          0          0          0          0   entry7b.o
         0          0          0          0          0          0   entry8b.o
         8          4          0          0          0          0   entry9a.o
         8          4          0          4          0         68   errno.o
         4          0          0          0          0         68   getc.o
        30          0          0          0          0          0   handlers.o
        36          8          0          0          0         68   init.o
        30          0          0          0          0         68   llshl.o
        32          0          0          0          0         68   llushr.o
       108         16          0          0          0         84   malloc.o
        26          0          0          0          0         80   memcmp.o
        36          0          0          0          0         68   memcpya.o
         0          0          0          8          0          0   mvars.o
      1154         54          0          0          0        352   printf8.o
         0          0          0          4          0          0   stdin.o
         0          0          0          4          0          0   stdout.o
        18          0          0          0          0         68   strcpy.o
        24          0          0          0          0         76   strncpy.o
       114          0          0          0          0         92   strtoul.o
        98          0          0          0          0         92   uldiv.o

    ----------------------------------------------------------------------
      1966         94        136         20          0       1556   Library Totals
         6          0          3          0          0          0   (incl. Padding)

    ----------------------------------------------------------------------

      Code (inc. data)   RO Data    RW Data    ZI Data      Debug   Library Name

      1960         94        133         20          0       1556   mc_w.l

    ----------------------------------------------------------------------
      1966         94        136         20          0       1556   Library Totals

    ----------------------------------------------------------------------

==============================================================================


      Code (inc. data)   RO Data    RW Data    ZI Data      Debug   

     14302        964       1914        120      20608     418718   Grand Totals
     14302        964       1914        120      20608     418718   ELF Image Totals
     14302        964       1914        120          0          0   ROM Totals

==============================================================================

    Total RO  Size (Code + RO Data)                16216 (  15.84kB)
    Total RW  Size (RW Data + ZI Data)             20728 (  20.24kB)
    Total ROM Size (Code + RO Data + RW Data)      16336 (  15.95kB)

==============================================================================

