<html>
<body>
<pre>
<h1>µVision Build Log</h1>
<h2>Tool Versions:</h2>
IDE-Version: µVision V5.23.0.0
Copyright (C) 2017 ARM Ltd and ARM Germany GmbH. All rights reserved.
License Information: Matjaz Mocnik, Fotona d.d., LIC=LSNX9-4F21T-TLTCP-KRUMZ-X9RMT-7KG31
 
Tool Versions:
Toolchain:       MDK-ARM Plus  Version: 5.23
Toolchain Path:  C:\Keil_v5\ARM\ARMCC\Bin
C Compiler:      Armcc.exe V5.06 update 4 (build 422)
Assembler:       Armasm.exe V5.06 update 4 (build 422)
Linker/Locator:  ArmLink.exe V5.06 update 4 (build 422)
Library Manager: ArmAr.exe V5.06 update 4 (build 422)
Hex Converter:   FromElf.exe V5.06 update 4 (build 422)
CPU DLL:         SARMCM3.DLL V5.23
Dialog DLL:      DCM.DLL V1.15.0.0
Target DLL:      STLink\ST-LINKIII-KEIL_SWO.dll V2.0.18.0
Dialog DLL:      TCM.DLL V1.27.0.0
 
<h2>Project:</h2>
C:\Users\Mocnik\Documents\SkyPulseIOC\Project\Iap\MDK-ARM\iap.uvprojx
Project File Date:  09/06/2018

<h2>Output:</h2>
*** Using Compiler 'V5.06 update 4 (build 422)', folder: 'C:\Keil_v5\ARM\ARMCC\Bin'
Rebuild target 'iap...PFM6'
compiling serial.c...
compiling usart.c...
compiling main.c...
compiling io.c...
compiling led.c...
compiling stm32f2xx_crc.c...
compiling stm32f2xx_can.c...
compiling stm32f2xx_gpio.c...
compiling stm32f2xx_iwdg.c...
compiling stm32f2xx_rcc.c...
compiling stm32f2xx_usart.c...
compiling stm32f2xx_flash.c...
compiling misc.c...
assembling startup_stm32f2xx.s...
compiling stm32f2xx_dma.c...
compiling system_stm32f2xx.c...
compiling ccsbcs.c...
compiling diskio.c...
compiling ff.c...
linking...
Program Size: Code=13746 RO-data=1914 RW-data=120 ZI-data=20608  
FromELF: creating hex file...
".\output\iapPFM.axf" - 0 Error(s), 0 Warning(s).

<h2>Software Packages used:</h2>

Package Vendor: ARM
                http://www.keil.com/pack/ARM.CMSIS.5.0.1.pack
                ARM::CMSIS:CORE:5.0.1
                CMSIS (Cortex Microcontroller Software Interface Standard)
   * Component: CORE Version: 5.0.1

<h2>Collection of Component include folders:</h2>
  .\RTE\_iap...PFM6
  C:\Keil_v5\ARM\PACK\ARM\CMSIS\5.0.1\CMSIS\Include
  C:\Keil_v5\ARM\PACK\Keil\STM32F4xx_DFP\2.9.0\Drivers\CMSIS\Device\ST\STM32F4xx\Include

<h2>Collection of Component Files used:</h2>

   * Component: ARM::CMSIS:CORE:5.0.1
Build Time Elapsed:  00:00:05
</pre>
</body>
</html>
